---
source: crates/ariad-cli/tests/reader_golden.rs
---
{
  "assets": {},
  "body": [
    {
      "content": [
        {
          "text": "Minimal Document",
          "type": "text"
        }
      ],
      "level": 1,
      "type": "heading"
    },
    {
      "content": [
        {
          "text": "This is a minimal valid EPUB 3 document for boundary testing.",
          "type": "text"
        }
      ],
      "type": "paragraph"
    }
  ],
  "layout": null,
  "meta": {
    "authors": [
      "AriadShift contributors"
    ],
    "date": null,
    "keywords": [],
    "language": "en",
    "source_format": "epub",
    "subject": null,
    "title": "Minimal EPUB 3 document"
  },
  "provenance": null,
  "version": "ariad-ir/0"
}
