---
source: crates/ariad-core/tests/ir_snapshots.rs
input_file: fixtures/md/en-emoji-shortcodes.md
---
{
  "assets": {},
  "body": [
    {
      "content": [
        {
          "text": "A Small Opening Day",
          "type": "text"
        }
      ],
      "level": 1,
      "type": "heading"
    },
    {
      "content": [
        {
          "text": "The doors are open ",
          "type": "text"
        },
        {
          "text": "😄",
          "type": "text"
        },
        {
          "text": " and the first repaired lamp is ready ",
          "type": "text"
        },
        {
          "text": "🎉",
          "type": "text"
        },
        {
          "text": ".",
          "type": "text"
        }
      ],
      "type": "paragraph"
    }
  ],
  "layout": null,
  "meta": {
    "authors": [],
    "date": null,
    "keywords": [],
    "language": null,
    "source_format": "markdown",
    "subject": null,
    "title": null
  },
  "provenance": null,
  "version": "ariad-ir/0"
}
