---
source: crates/ariad-cli/tests/route_golden.rs
---
Package entries (sorted):
- EPUB/content.opf
- EPUB/nav.xhtml
- EPUB/styles/stylesheet1.css
- EPUB/text/ch001.xhtml
- EPUB/text/title_page.xhtml
- EPUB/toc.ncx
- META-INF/com.apple.ibooks.display-options.xml
- META-INF/container.xml
- mimetype

XML parts:

--- EPUB/content.opf ---
<?xml version="1.0" encoding="UTF-8"?>
<package version="3.0" xmlns="http://www.idpf.org/2007/opf" xml:lang="vi" unique-identifier="epub-id-1" prefix="ibooks: http://vocabulary.itunes.apple.com/rdf/ibooks/vocabulary-extensions-1.0/">
  <metadata xmlns:dc="http://purl.org/dc/elements/1.1/" xmlns:opf="http://www.idpf.org/2007/opf">
    <dc:identifier id="epub-id-1">urn:uuid:8fe4c95b-a562-5f55-9db5-2135c8b0f966</dc:identifier>
    <dc:title id="epub-title-1">A Shared Route</dc:title>
    <dc:date id="epub-date">2023-11-14T22:13:20Z</dc:date>
    <dc:language>vi</dc:language>
    <meta property="dcterms:modified">2023-11-14T22:13:20Z</meta>
    <meta property="schema:accessMode">textual</meta>
    <meta property="schema:accessModeSufficient">textual</meta>
    <meta property="schema:accessibilityFeature">alternativeText</meta>
    <meta property="schema:accessibilityFeature">readingOrder</meta>
    <meta property="schema:accessibilityFeature">structuralNavigation</meta>
    <meta property="schema:accessibilityFeature">tableOfContents</meta>
    <meta property="schema:accessibilityHazard">none</meta>
  </metadata>
  <manifest>
    <item id="ncx" href="toc.ncx" media-type="application/x-dtbncx+xml" />
    <item id="nav" href="nav.xhtml" media-type="application/xhtml+xml" properties="nav" />
    <item id="stylesheet1" href="styles/stylesheet1.css" media-type="text/css" />
    <item id="title_page_xhtml" href="text/title_page.xhtml" media-type="application/xhtml+xml" />
    <item id="ch001_xhtml" href="text/ch001.xhtml" media-type="application/xhtml+xml" properties="mathml" />
  </manifest>
  <spine toc="ncx">
    <itemref idref="title_page_xhtml" linear="yes" />
    <itemref idref="ch001_xhtml" />
  </spine>
  <guide>
    <reference type="toc" title="A Shared Route" href="nav.xhtml" />
  </guide>
</package>


--- EPUB/nav.xhtml ---
<?xml version="1.0" encoding="UTF-8"?>
<!DOCTYPE html>
<html xmlns="http://www.w3.org/1999/xhtml" xmlns:epub="http://www.idpf.org/2007/ops" lang="vi" xml:lang="vi">
<head>
  <meta charset="utf-8" />
  <meta name="generator" content="pandoc" />
  <title>A Shared Route</title>
  <style>
  </style>
  <link rel="stylesheet" type="text/css" href="styles/stylesheet1.css" />
</head>
<body epub:type="frontmatter">
<nav epub:type="toc" role="doc-toc" id="toc">
      <h1 id="toc-title">A Shared Route</h1>
      <ol class="toc">
        <li id="toc-li-1">
          <a href="text/ch001.xhtml#một-lối-đi-two-readers">Một lối đi, two readers</a>
        </li>
      </ol>
    </nav>
<nav epub:type="landmarks" id="landmarks" hidden="hidden">
  <ol>
    <li>
      <a href="text/title_page.xhtml" epub:type="titlepage">Title Page</a>
    </li>
  </ol>
</nav>
</body>
</html>


--- EPUB/text/ch001.xhtml ---
<?xml version="1.0" encoding="UTF-8"?>
<!DOCTYPE html>
<html xmlns="http://www.w3.org/1999/xhtml" xmlns:epub="http://www.idpf.org/2007/ops" lang="vi" xml:lang="vi">
<head>
  <meta charset="utf-8" />
  <meta name="generator" content="pandoc" />
  <title>ch001.xhtml</title>
  <style>
  </style>
  <link rel="stylesheet" type="text/css" href="../styles/stylesheet1.css" />
</head>
<body epub:type="bodymatter">
<section id="một-lối-đi-two-readers" class="level1">
<h1>Một lối đi, two readers</h1>
<p>Thành phố nhỏ thức dậy trước tiếng chuông xe đạp. Người bán hàng kéo tấm bạt xanh ra khỏi quầy, còn mặt sông giữ lại màu hồng nhạt của bình minh. Từ bến đá, con đường lát gạch men theo hàng me rồi vòng qua cây cầu gỗ.</p>
<table>
<thead>
<tr>
<th>
              <p>Điểm dừng / Stop</p>
            </th>
<th style="text-align: right;">
              <p>Minute</p>
            </th>
</tr>
</thead>
<tbody>
<tr>
<td>
              <p>Bến sông</p>
            </td>
<td style="text-align: right;">
              <p>8</p>
            </td>
</tr>
<tr>
<td>
              <p>Reading garden</p>
            </td>
<td style="text-align: right;">
              <p>14</p>
            </td>
</tr>
</tbody>
</table>
<p>The combined distance is <math display="inline" xmlns="http://www.w3.org/1998/Math/MathML">
          <semantics>
            <mrow>
              <msub>
                <mi>d</mi>
                <mn>1</mn>
              </msub>
              <mo>+</mo>
              <msub>
                <mi>d</mi>
                <mn>2</mn>
              </msub>
            </mrow>
            <annotation encoding="application/x-tex">d_1 + d_2</annotation>
          </semantics>
        </math>. <strong>Check the bridge</strong> before leaving.</p>
<ul class="task-list">
<li>
          <label>
            <input type="checkbox" checked="" />Save the route</label>
        </li>
<li>
          <label>
            <input type="checkbox" />Share it with a neighbor</label>
        </li>
</ul>
</section>
</body>
</html>


--- EPUB/text/title_page.xhtml ---
<?xml version="1.0" encoding="UTF-8"?>
<!DOCTYPE html>
<html xmlns="http://www.w3.org/1999/xhtml" xmlns:epub="http://www.idpf.org/2007/ops" lang="vi" xml:lang="vi">
<head>
  <meta charset="utf-8" />
  <meta name="generator" content="pandoc" />
  <title>A Shared Route</title>
  <style>
  </style>
  <link rel="stylesheet" type="text/css" href="../styles/stylesheet1.css" />
</head>
<body epub:type="frontmatter">
<section epub:type="titlepage" class="titlepage">
  <h1 class="title">A Shared Route</h1>
</section>
</body>
</html>


Template and media SHA-256:
932ab19ee3371838c3dd65eb770a6515e2730fc1c4bdd5a533984f2e355c8b24  EPUB/styles/stylesheet1.css
b387b9d40f3b7094d78bd1b2e3faeea1eb0691cb5a81adcf1feca265fd4f0b42  EPUB/toc.ncx
364a17d7a4967325d2956f09c0626d564c1884c9dfa02116dc115d6a49538f56  META-INF/com.apple.ibooks.display-options.xml
7c06491ce25e3cc80ccec0eed382c4c5570265f886415e4ce0cbe5866a57c461  META-INF/container.xml
e468e350d1143eb648f60c7b0bd6031101ec0544a361ca74ecef256ac901f48b  mimetype
