---
source: crates/ariad-cli/tests/route_golden.rs
---
<!DOCTYPE html>
<html lang="und">
<head>
  <meta charset="utf-8">
  <meta name="viewport" content="width=device-width, initial-scale=1">
  <title>mixed-math</title>
  <style>
body {
  font-family: system-ui, -apple-system, sans-serif;
  line-height: 1.6;
  max-width: 48rem;
  margin: 2rem auto;
  padding: 0 1rem;
  color: #1a1a1a;
  background: #fff;
}
pre, code {
  font-family: ui-monospace, monospace;
}
pre {
  padding: 1rem;
  background: #f4f4f4;
  overflow-x: auto;
  border-radius: 4px;
}
table {
  border-collapse: collapse;
  width: 100%;
  margin: 1rem 0;
}
th, td {
  border: 1px solid #ddd;
  padding: 0.5rem;
  text-align: left;
}
th {
  background: #f8f8f8;
}
blockquote {
  border-left: 4px solid #ddd;
  margin: 1rem 0;
  padding-left: 1rem;
  color: #555;
}
img {
  max-width: 100%;
  height: auto;
}
  </style>
</head>
<body>
<h1>Measuring a Shared Path</h1>
<p>The walking estimate is <math><semantics><mtext>d = vt</mtext><annotation encoding="application/x-tex">d = vt</annotation></semantics></math>. Với từng đoạn đường, ta có thể tính tổng như sau:</p>
<p><math display="block"><semantics><mtext>
D = \sum_{i=1}^{n} d_i
</mtext><annotation encoding="application/x-tex">
D = \sum_{i=1}^{n} d_i
</annotation></semantics></math></p>
<p>A slower pace changes the total time, not the map scale.</p>
</body>
</html>
