---
source: crates/ariad-core/tests/ir_snapshots.rs
input_file: fixtures/md/mixed-kitchen-sink.md
---
{
  "assets": {},
  "body": [
    {
      "content": [
        {
          "text": "Một lối đi, two readers",
          "type": "text"
        }
      ],
      "level": 1,
      "type": "heading"
    },
    {
      "content": [
        {
          "text": "Thành phố nhỏ thức dậy trước tiếng chuông xe đạp. Người bán hàng kéo tấm bạt xanh ra khỏi quầy, còn mặt sông giữ lại màu hồng nhạt của bình minh. Từ bến đá, con đường lát gạch men theo hàng me rồi vòng qua cây cầu gỗ.",
          "type": "text"
        }
      ],
      "type": "paragraph"
    },
    {
      "body": [
        [
          {
            "blocks": [
              {
                "content": [
                  {
                    "text": "Bến sông",
                    "type": "text"
                  }
                ],
                "type": "paragraph"
              }
            ],
            "colspan": 1,
            "rowspan": 1
          },
          {
            "blocks": [
              {
                "content": [
                  {
                    "text": "8",
                    "type": "text"
                  }
                ],
                "type": "paragraph"
              }
            ],
            "colspan": 1,
            "rowspan": 1
          }
        ],
        [
          {
            "blocks": [
              {
                "content": [
                  {
                    "text": "Reading garden",
                    "type": "text"
                  }
                ],
                "type": "paragraph"
              }
            ],
            "colspan": 1,
            "rowspan": 1
          },
          {
            "blocks": [
              {
                "content": [
                  {
                    "text": "14",
                    "type": "text"
                  }
                ],
                "type": "paragraph"
              }
            ],
            "colspan": 1,
            "rowspan": 1
          }
        ]
      ],
      "caption": null,
      "columns": [
        {
          "align": "default"
        },
        {
          "align": "right"
        }
      ],
      "head": [
        [
          {
            "blocks": [
              {
                "content": [
                  {
                    "text": "Điểm dừng / Stop",
                    "type": "text"
                  }
                ],
                "type": "paragraph"
              }
            ],
            "colspan": 1,
            "rowspan": 1
          },
          {
            "blocks": [
              {
                "content": [
                  {
                    "text": "Minute",
                    "type": "text"
                  }
                ],
                "type": "paragraph"
              }
            ],
            "colspan": 1,
            "rowspan": 1
          }
        ]
      ],
      "type": "table"
    },
    {
      "content": [
        {
          "text": "The combined distance is ",
          "type": "text"
        },
        {
          "display": false,
          "tex": "d_1 + d_2",
          "type": "math"
        },
        {
          "text": ". ",
          "type": "text"
        },
        {
          "content": [
            {
              "text": "Check the bridge",
              "type": "text"
            }
          ],
          "type": "strong"
        },
        {
          "text": " before leaving.",
          "type": "text"
        }
      ],
      "type": "paragraph"
    },
    {
      "items": [
        {
          "blocks": [
            {
              "content": [
                {
                  "text": "Save the route",
                  "type": "text"
                }
              ],
              "type": "paragraph"
            }
          ],
          "checked": true
        },
        {
          "blocks": [
            {
              "content": [
                {
                  "text": "Share it with a neighbor",
                  "type": "text"
                }
              ],
              "type": "paragraph"
            }
          ],
          "checked": false
        }
      ],
      "ordered": false,
      "start": null,
      "tight": true,
      "type": "list"
    }
  ],
  "layout": null,
  "meta": {
    "authors": [],
    "date": null,
    "keywords": [],
    "language": "vi",
    "source_format": "markdown",
    "subject": null,
    "title": "A Shared Route"
  },
  "provenance": null,
  "version": "ariad-ir/0"
}
