---
source: crates/ariad-core/tests/ir_snapshots.rs
input_file: fixtures/md/pd-vi-truyen-kieu.md
---
{
  "assets": {},
  "body": [
    {
      "content": [
        {
          "text": "Đầu lòng hai ả tố-nga,",
          "type": "text"
        }
      ],
      "type": "paragraph"
    }
  ],
  "layout": null,
  "meta": {
    "authors": [],
    "date": null,
    "keywords": [],
    "language": null,
    "source_format": "markdown",
    "subject": null,
    "title": null
  },
  "provenance": null,
  "version": "ariad-ir/0"
}
