---
source: crates/ariad-cli/tests/reader_golden.rs
---
{
  "assets": {},
  "body": [
    {
      "content": [
        {
          "text": "Two-column archive note",
          "type": "text"
        }
      ],
      "level": 1,
      "type": "heading"
    },
    {
      "content": [
        {
          "text": "The map room occupies the quiet end of the neighborhood library. Its shelves hold folded street plans, ferry schedules, and hand-drawn routes collected over several decades. A small brass weight keeps each sheet flat while readers compare editions.",
          "type": "text"
        }
      ],
      "type": "paragraph"
    },
    {
      "content": [
        {
          "text": "Mara volunteers on Thursday afternoons. She records the paper's date, the names of its surveyors, and any handwritten notes near the margins. When a street changes, she adds a transparent overlay rather than altering the older map.",
          "type": "text"
        }
      ],
      "type": "paragraph"
    },
    {
      "content": [
        {
          "text": "This paragraph follows the page break and preserves document order.",
          "type": "text"
        }
      ],
      "type": "paragraph"
    }
  ],
  "layout": null,
  "meta": {
    "authors": [],
    "date": null,
    "keywords": [],
    "language": null,
    "source_format": "docx",
    "subject": null,
    "title": null
  },
  "provenance": null,
  "version": "ariad-ir/0"
}
