---
source: crates/ariad-core/tests/ir_snapshots.rs
input_file: fixtures/md/vi-blockquote.md
---
{
  "assets": {},
  "body": [
    {
      "content": [
        {
          "text": "Lời nhắn bên cầu",
          "type": "text"
        }
      ],
      "level": 1,
      "type": "heading"
    },
    {
      "blocks": [
        {
          "content": [
            {
              "text": "Thành phố nhỏ thức dậy trước tiếng chuông xe đạp. Người bán hàng kéo tấm bạt xanh ra khỏi quầy, còn mặt sông giữ lại màu hồng nhạt của bình minh. Từ bến đá, con đường lát gạch men theo hàng me rồi vòng qua cây cầu gỗ.",
              "type": "text"
            }
          ],
          "type": "paragraph"
        },
        {
          "content": [
            {
              "text": "Hãy để lối đi thông thoáng cho người qua đường.",
              "type": "text"
            }
          ],
          "type": "paragraph"
        }
      ],
      "type": "quote"
    }
  ],
  "layout": null,
  "meta": {
    "authors": [],
    "date": null,
    "keywords": [],
    "language": null,
    "source_format": "markdown",
    "subject": null,
    "title": null
  },
  "provenance": null,
  "version": "ariad-ir/0"
}
