---
source: crates/ariad-cli/tests/reader_golden.rs
---
{
  "assets": {
    "6bca795730900c41e97ac33d04db2b054019dcd598e0e57f98dbc958e94291fb": {
      "bytes": "<redacted: 3568 base64 chars>",
      "media_type": "image/png"
    }
  },
  "body": [
    {
      "content": [
        {
          "text": "Hành trình ven sông và sơ đồ",
          "type": "text"
        }
      ],
      "level": 1,
      "type": "heading"
    },
    {
      "content": [
        {
          "text": "Thành phố nhỏ thức dậy trước tiếng chuông xe đạp. Người bán hàng kéo tấm bạt xanh ra khỏi quầy, còn mặt sông giữ lại màu hồng nhạt của bình minh. Từ bến đá, con đường lát gạch men theo hàng me rồi vòng qua cây cầu gỗ.",
          "type": "text"
        }
      ],
      "type": "paragraph"
    },
    {
      "body": [
        [
          {
            "blocks": [
              {
                "content": [
                  {
                    "text": "Bến sông",
                    "type": "text"
                  }
                ],
                "type": "paragraph"
              }
            ],
            "colspan": 1,
            "rowspan": 1
          },
          {
            "blocks": [
              {
                "content": [
                  {
                    "text": "8",
                    "type": "text"
                  }
                ],
                "type": "paragraph"
              }
            ],
            "colspan": 1,
            "rowspan": 1
          },
          {
            "blocks": [
              {
                "content": [
                  {
                    "text": "Bóng mát",
                    "type": "text"
                  }
                ],
                "type": "paragraph"
              }
            ],
            "colspan": 1,
            "rowspan": 1
          }
        ],
        [
          {
            "blocks": [
              {
                "content": [
                  {
                    "text": "Vườn đọc",
                    "type": "text"
                  }
                ],
                "type": "paragraph"
              }
            ],
            "colspan": 1,
            "rowspan": 1
          },
          {
            "blocks": [
              {
                "content": [
                  {
                    "text": "14",
                    "type": "text"
                  }
                ],
                "type": "paragraph"
              }
            ],
            "colspan": 1,
            "rowspan": 1
          },
          {
            "blocks": [
              {
                "content": [
                  {
                    "text": "Có ghế dài",
                    "type": "text"
                  }
                ],
                "type": "paragraph"
              }
            ],
            "colspan": 1,
            "rowspan": 1
          }
        ],
        [
          {
            "blocks": [
              {
                "content": [
                  {
                    "text": "Lịch khảo sát cập nhật mỗi tháng.",
                    "type": "text"
                  }
                ],
                "type": "paragraph"
              }
            ],
            "colspan": 3,
            "rowspan": 1
          }
        ]
      ],
      "caption": [
        {
          "text": "Bảng hành trình ven sông",
          "type": "text"
        }
      ],
      "columns": [
        {
          "align": "default"
        },
        {
          "align": "default"
        },
        {
          "align": "default"
        }
      ],
      "head": [
        [
          {
            "blocks": [
              {
                "content": [
                  {
                    "text": "Điểm dừng",
                    "type": "text"
                  }
                ],
                "type": "paragraph"
              }
            ],
            "colspan": 1,
            "header": true,
            "rowspan": 1
          },
          {
            "blocks": [
              {
                "content": [
                  {
                    "text": "Phút đi bộ",
                    "type": "text"
                  }
                ],
                "type": "paragraph"
              }
            ],
            "colspan": 1,
            "header": true,
            "rowspan": 1
          },
          {
            "blocks": [
              {
                "content": [
                  {
                    "text": "Ghi chú",
                    "type": "text"
                  }
                ],
                "type": "paragraph"
              }
            ],
            "colspan": 1,
            "header": true,
            "rowspan": 1
          }
        ]
      ],
      "type": "table"
    },
    {
      "asset": {
        "id": "6bca795730900c41e97ac33d04db2b054019dcd598e0e57f98dbc958e94291fb",
        "type": "asset"
      },
      "caption": [
        {
          "text": "Sơ đồ tuyến đường ven sông",
          "type": "text"
        }
      ],
      "type": "figure"
    },
    {
      "content": [
        {
          "text": "Lan thường đi chậm ở đoạn này. Cô ghi lại những thay đổi của bờ sông trong một cuốn sổ: bậc thềm mới, chiếc đèn được thay, và lối nhỏ vừa mở cạnh nhà kho. Mỗi ghi chú giúp người sau tìm đường dễ hơn.",
          "type": "text"
        }
      ],
      "type": "paragraph"
    }
  ],
  "layout": null,
  "meta": {
    "authors": [
      "AriadShift contributors"
    ],
    "date": null,
    "keywords": [],
    "language": "vi",
    "source_format": "epub",
    "subject": null,
    "title": "Bảng và hình ảnh hành trình ven sông"
  },
  "provenance": null,
  "version": "ariad-ir/0"
}
