---
source: crates/ariad-core/tests/ir_snapshots.rs
input_file: fixtures/md/vi-front-matter.md
---
{
  "assets": {},
  "body": [
    {
      "content": [
        {
          "text": "Khu vườn đọc sách nằm sau thư viện phường, nơi trước đây chỉ có một khoảng sân trống. Các cô thủ thư xin hạt giống từ trường tiểu học, còn bác thợ mộc đóng ba chiếc ghế dài bằng gỗ tái sử dụng.",
          "type": "text"
        }
      ],
      "type": "paragraph"
    },
    {
      "content": [
        {
          "text": "Mỗi sáng thứ bảy, một nhóm hàng xóm tưới cây và đổi sách. Trẻ nhỏ chọn truyện tranh; người lớn mang đến sách nấu ăn, bản đồ cũ và tạp chí khoa học. Những quyển sách được bọc giấy nâu để mưa không làm cong góc.",
          "type": "text"
        }
      ],
      "type": "paragraph"
    },
    {
      "content": [
        {
          "text": "Vào ngày nắng, chiếc bàn dưới giàn hoa giấy trở thành chỗ học bài. Khi mưa đến, mọi người chuyển vào mái hiên mà không cần đóng cửa khu vườn. Một tấm bảng gỗ ghi lịch chăm cây, nhưng ai đi ngang cũng có thể thêm một dòng nhắc việc.",
          "type": "text"
        }
      ],
      "type": "paragraph"
    }
  ],
  "layout": null,
  "meta": {
    "authors": [
      "Nhóm thư viện"
    ],
    "date": "2026-10-06",
    "keywords": [],
    "language": "vi",
    "source_format": "markdown",
    "subject": null,
    "title": "Vườn đọc bên hiên"
  },
  "provenance": null,
  "version": "ariad-ir/0"
}
