---
source: crates/ariad-cli/tests/route_golden.rs
assertion_line: 244
---
<!DOCTYPE html>
<html lang="und">
<head>
  <meta charset="utf-8">
  <meta name="viewport" content="width=device-width, initial-scale=1">
  <title>vi-long-headings</title>
  <style>
body {
  font-family: system-ui, -apple-system, sans-serif;
  line-height: 1.6;
  max-width: 48rem;
  margin: 2rem auto;
  padding: 0 1rem;
  color: #1a1a1a;
  background: #fff;
}
pre, code {
  font-family: ui-monospace, monospace;
}
pre {
  padding: 1rem;
  background: #f4f4f4;
  overflow-x: auto;
  border-radius: 4px;
}
table {
  border-collapse: collapse;
  width: 100%;
  margin: 1rem 0;
}
th, td {
  border: 1px solid #ddd;
  padding: 0.5rem;
  text-align: left;
}
th {
  background: #f8f8f8;
}
blockquote {
  border-left: 4px solid #ddd;
  margin: 1rem 0;
  padding-left: 1rem;
  color: #555;
}
img {
  max-width: 100%;
  height: auto;
}
  </style>
</head>
<body>
<h2>Chặng 001</h2>
<p>Dấu mốc 1 giúp người đọc theo dõi tuyến đường.</p>
<h2>Chặng 002</h2>
<p>Dấu mốc 2 giúp người đọc theo dõi tuyến đường.</p>
<h2>Chặng 003</h2>
<p>Dấu mốc 3 giúp người đọc theo dõi tuyến đường.</p>
<h2>Chặng 004</h2>
<p>Dấu mốc 4 giúp người đọc theo dõi tuyến đường.</p>
<h2>Chặng 005</h2>
<p>Dấu mốc 5 giúp người đọc theo dõi tuyến đường.</p>
<h2>Chặng 006</h2>
<p>Dấu mốc 6 giúp người đọc theo dõi tuyến đường.</p>
<h2>Chặng 007</h2>
<p>Dấu mốc 7 giúp người đọc theo dõi tuyến đường.</p>
<h2>Chặng 008</h2>
<p>Dấu mốc 8 giúp người đọc theo dõi tuyến đường.</p>
<h2>Chặng 009</h2>
<p>Dấu mốc 9 giúp người đọc theo dõi tuyến đường.</p>
<h2>Chặng 010</h2>
<p>Dấu mốc 10 giúp người đọc theo dõi tuyến đường.</p>
<h2>Chặng 011</h2>
<p>Dấu mốc 11 giúp người đọc theo dõi tuyến đường.</p>
<h2>Chặng 012</h2>
<p>Dấu mốc 12 giúp người đọc theo dõi tuyến đường.</p>
<h2>Chặng 013</h2>
<p>Dấu mốc 13 giúp người đọc theo dõi tuyến đường.</p>
<h2>Chặng 014</h2>
<p>Dấu mốc 14 giúp người đọc theo dõi tuyến đường.</p>
<h2>Chặng 015</h2>
<p>Dấu mốc 15 giúp người đọc theo dõi tuyến đường.</p>
<h2>Chặng 016</h2>
<p>Dấu mốc 16 giúp người đọc theo dõi tuyến đường.</p>
<h2>Chặng 017</h2>
<p>Dấu mốc 17 giúp người đọc theo dõi tuyến đường.</p>
<h2>Chặng 018</h2>
<p>Dấu mốc 18 giúp người đọc theo dõi tuyến đường.</p>
<h2>Chặng 019</h2>
<p>Dấu mốc 19 giúp người đọc theo dõi tuyến đường.</p>
<h2>Chặng 020</h2>
<p>Dấu mốc 20 giúp người đọc theo dõi tuyến đường.</p>
<h2>Chặng 021</h2>
<p>Dấu mốc 21 giúp người đọc theo dõi tuyến đường.</p>
<h2>Chặng 022</h2>
<p>Dấu mốc 22 giúp người đọc theo dõi tuyến đường.</p>
<h2>Chặng 023</h2>
<p>Dấu mốc 23 giúp người đọc theo dõi tuyến đường.</p>
<h2>Chặng 024</h2>
<p>Dấu mốc 24 giúp người đọc theo dõi tuyến đường.</p>
<h2>Chặng 025</h2>
<p>Dấu mốc 25 giúp người đọc theo dõi tuyến đường.</p>
<h2>Chặng 026</h2>
<p>Dấu mốc 26 giúp người đọc theo dõi tuyến đường.</p>
<h2>Chặng 027</h2>
<p>Dấu mốc 27 giúp người đọc theo dõi tuyến đường.</p>
<h2>Chặng 028</h2>
<p>Dấu mốc 28 giúp người đọc theo dõi tuyến đường.</p>
<h2>Chặng 029</h2>
<p>Dấu mốc 29 giúp người đọc theo dõi tuyến đường.</p>
<h2>Chặng 030</h2>
<p>Dấu mốc 30 giúp người đọc theo dõi tuyến đường.</p>
<h2>Chặng 031</h2>
<p>Dấu mốc 31 giúp người đọc theo dõi tuyến đường.</p>
<h2>Chặng 032</h2>
<p>Dấu mốc 32 giúp người đọc theo dõi tuyến đường.</p>
<h2>Chặng 033</h2>
<p>Dấu mốc 33 giúp người đọc theo dõi tuyến đường.</p>
<h2>Chặng 034</h2>
<p>Dấu mốc 34 giúp người đọc theo dõi tuyến đường.</p>
<h2>Chặng 035</h2>
<p>Dấu mốc 35 giúp người đọc theo dõi tuyến đường.</p>
<h2>Chặng 036</h2>
<p>Dấu mốc 36 giúp người đọc theo dõi tuyến đường.</p>
<h2>Chặng 037</h2>
<p>Dấu mốc 37 giúp người đọc theo dõi tuyến đường.</p>
<h2>Chặng 038</h2>
<p>Dấu mốc 38 giúp người đọc theo dõi tuyến đường.</p>
<h2>Chặng 039</h2>
<p>Dấu mốc 39 giúp người đọc theo dõi tuyến đường.</p>
<h2>Chặng 040</h2>
<p>Dấu mốc 40 giúp người đọc theo dõi tuyến đường.</p>
<h2>Chặng 041</h2>
<p>Dấu mốc 41 giúp người đọc theo dõi tuyến đường.</p>
<h2>Chặng 042</h2>
<p>Dấu mốc 42 giúp người đọc theo dõi tuyến đường.</p>
<h2>Chặng 043</h2>
<p>Dấu mốc 43 giúp người đọc theo dõi tuyến đường.</p>
<h2>Chặng 044</h2>
<p>Dấu mốc 44 giúp người đọc theo dõi tuyến đường.</p>
<h2>Chặng 045</h2>
<p>Dấu mốc 45 giúp người đọc theo dõi tuyến đường.</p>
<h2>Chặng 046</h2>
<p>Dấu mốc 46 giúp người đọc theo dõi tuyến đường.</p>
<h2>Chặng 047</h2>
<p>Dấu mốc 47 giúp người đọc theo dõi tuyến đường.</p>
<h2>Chặng 048</h2>
<p>Dấu mốc 48 giúp người đọc theo dõi tuyến đường.</p>
<h2>Chặng 049</h2>
<p>Dấu mốc 49 giúp người đọc theo dõi tuyến đường.</p>
<h2>Chặng 050</h2>
<p>Dấu mốc 50 giúp người đọc theo dõi tuyến đường.</p>
<h2>Chặng 051</h2>
<p>Dấu mốc 51 giúp người đọc theo dõi tuyến đường.</p>
<h2>Chặng 052</h2>
<p>Dấu mốc 52 giúp người đọc theo dõi tuyến đường.</p>
<h2>Chặng 053</h2>
<p>Dấu mốc 53 giúp người đọc theo dõi tuyến đường.</p>
<h2>Chặng 054</h2>
<p>Dấu mốc 54 giúp người đọc theo dõi tuyến đường.</p>
<h2>Chặng 055</h2>
<p>Dấu mốc 55 giúp người đọc theo dõi tuyến đường.</p>
<h2>Chặng 056</h2>
<p>Dấu mốc 56 giúp người đọc theo dõi tuyến đường.</p>
<h2>Chặng 057</h2>
<p>Dấu mốc 57 giúp người đọc theo dõi tuyến đường.</p>
<h2>Chặng 058</h2>
<p>Dấu mốc 58 giúp người đọc theo dõi tuyến đường.</p>
<h2>Chặng 059</h2>
<p>Dấu mốc 59 giúp người đọc theo dõi tuyến đường.</p>
<h2>Chặng 060</h2>
<p>Dấu mốc 60 giúp người đọc theo dõi tuyến đường.</p>
<h2>Chặng 061</h2>
<p>Dấu mốc 61 giúp người đọc theo dõi tuyến đường.</p>
<h2>Chặng 062</h2>
<p>Dấu mốc 62 giúp người đọc theo dõi tuyến đường.</p>
<h2>Chặng 063</h2>
<p>Dấu mốc 63 giúp người đọc theo dõi tuyến đường.</p>
<h2>Chặng 064</h2>
<p>Dấu mốc 64 giúp người đọc theo dõi tuyến đường.</p>
<h2>Chặng 065</h2>
<p>Dấu mốc 65 giúp người đọc theo dõi tuyến đường.</p>
<h2>Chặng 066</h2>
<p>Dấu mốc 66 giúp người đọc theo dõi tuyến đường.</p>
<h2>Chặng 067</h2>
<p>Dấu mốc 67 giúp người đọc theo dõi tuyến đường.</p>
<h2>Chặng 068</h2>
<p>Dấu mốc 68 giúp người đọc theo dõi tuyến đường.</p>
<h2>Chặng 069</h2>
<p>Dấu mốc 69 giúp người đọc theo dõi tuyến đường.</p>
<h2>Chặng 070</h2>
<p>Dấu mốc 70 giúp người đọc theo dõi tuyến đường.</p>
<h2>Chặng 071</h2>
<p>Dấu mốc 71 giúp người đọc theo dõi tuyến đường.</p>
<h2>Chặng 072</h2>
<p>Dấu mốc 72 giúp người đọc theo dõi tuyến đường.</p>
<h2>Chặng 073</h2>
<p>Dấu mốc 73 giúp người đọc theo dõi tuyến đường.</p>
<h2>Chặng 074</h2>
<p>Dấu mốc 74 giúp người đọc theo dõi tuyến đường.</p>
<h2>Chặng 075</h2>
<p>Dấu mốc 75 giúp người đọc theo dõi tuyến đường.</p>
<h2>Chặng 076</h2>
<p>Dấu mốc 76 giúp người đọc theo dõi tuyến đường.</p>
<h2>Chặng 077</h2>
<p>Dấu mốc 77 giúp người đọc theo dõi tuyến đường.</p>
<h2>Chặng 078</h2>
<p>Dấu mốc 78 giúp người đọc theo dõi tuyến đường.</p>
<h2>Chặng 079</h2>
<p>Dấu mốc 79 giúp người đọc theo dõi tuyến đường.</p>
<h2>Chặng 080</h2>
<p>Dấu mốc 80 giúp người đọc theo dõi tuyến đường.</p>
<h2>Chặng 081</h2>
<p>Dấu mốc 81 giúp người đọc theo dõi tuyến đường.</p>
<h2>Chặng 082</h2>
<p>Dấu mốc 82 giúp người đọc theo dõi tuyến đường.</p>
<h2>Chặng 083</h2>
<p>Dấu mốc 83 giúp người đọc theo dõi tuyến đường.</p>
<h2>Chặng 084</h2>
<p>Dấu mốc 84 giúp người đọc theo dõi tuyến đường.</p>
<h2>Chặng 085</h2>
<p>Dấu mốc 85 giúp người đọc theo dõi tuyến đường.</p>
<h2>Chặng 086</h2>
<p>Dấu mốc 86 giúp người đọc theo dõi tuyến đường.</p>
<h2>Chặng 087</h2>
<p>Dấu mốc 87 giúp người đọc theo dõi tuyến đường.</p>
<h2>Chặng 088</h2>
<p>Dấu mốc 88 giúp người đọc theo dõi tuyến đường.</p>
<h2>Chặng 089</h2>
<p>Dấu mốc 89 giúp người đọc theo dõi tuyến đường.</p>
<h2>Chặng 090</h2>
<p>Dấu mốc 90 giúp người đọc theo dõi tuyến đường.</p>
<h2>Chặng 091</h2>
<p>Dấu mốc 91 giúp người đọc theo dõi tuyến đường.</p>
<h2>Chặng 092</h2>
<p>Dấu mốc 92 giúp người đọc theo dõi tuyến đường.</p>
<h2>Chặng 093</h2>
<p>Dấu mốc 93 giúp người đọc theo dõi tuyến đường.</p>
<h2>Chặng 094</h2>
<p>Dấu mốc 94 giúp người đọc theo dõi tuyến đường.</p>
<h2>Chặng 095</h2>
<p>Dấu mốc 95 giúp người đọc theo dõi tuyến đường.</p>
<h2>Chặng 096</h2>
<p>Dấu mốc 96 giúp người đọc theo dõi tuyến đường.</p>
<h2>Chặng 097</h2>
<p>Dấu mốc 97 giúp người đọc theo dõi tuyến đường.</p>
<h2>Chặng 098</h2>
<p>Dấu mốc 98 giúp người đọc theo dõi tuyến đường.</p>
<h2>Chặng 099</h2>
<p>Dấu mốc 99 giúp người đọc theo dõi tuyến đường.</p>
<h2>Chặng 100</h2>
<p>Dấu mốc 100 giúp người đọc theo dõi tuyến đường.</p>
<h2>Chặng 101</h2>
<p>Dấu mốc 101 giúp người đọc theo dõi tuyến đường.</p>
<h2>Chặng 102</h2>
<p>Dấu mốc 102 giúp người đọc theo dõi tuyến đường.</p>
<h2>Chặng 103</h2>
<p>Dấu mốc 103 giúp người đọc theo dõi tuyến đường.</p>
<h2>Chặng 104</h2>
<p>Dấu mốc 104 giúp người đọc theo dõi tuyến đường.</p>
<h2>Chặng 105</h2>
<p>Dấu mốc 105 giúp người đọc theo dõi tuyến đường.</p>
<h2>Chặng 106</h2>
<p>Dấu mốc 106 giúp người đọc theo dõi tuyến đường.</p>
<h2>Chặng 107</h2>
<p>Dấu mốc 107 giúp người đọc theo dõi tuyến đường.</p>
<h2>Chặng 108</h2>
<p>Dấu mốc 108 giúp người đọc theo dõi tuyến đường.</p>
<h2>Chặng 109</h2>
<p>Dấu mốc 109 giúp người đọc theo dõi tuyến đường.</p>
<h2>Chặng 110</h2>
<p>Dấu mốc 110 giúp người đọc theo dõi tuyến đường.</p>
<h2>Chặng 111</h2>
<p>Dấu mốc 111 giúp người đọc theo dõi tuyến đường.</p>
<h2>Chặng 112</h2>
<p>Dấu mốc 112 giúp người đọc theo dõi tuyến đường.</p>
<h2>Chặng 113</h2>
<p>Dấu mốc 113 giúp người đọc theo dõi tuyến đường.</p>
<h2>Chặng 114</h2>
<p>Dấu mốc 114 giúp người đọc theo dõi tuyến đường.</p>
<h2>Chặng 115</h2>
<p>Dấu mốc 115 giúp người đọc theo dõi tuyến đường.</p>
<h2>Chặng 116</h2>
<p>Dấu mốc 116 giúp người đọc theo dõi tuyến đường.</p>
<h2>Chặng 117</h2>
<p>Dấu mốc 117 giúp người đọc theo dõi tuyến đường.</p>
<h2>Chặng 118</h2>
<p>Dấu mốc 118 giúp người đọc theo dõi tuyến đường.</p>
<h2>Chặng 119</h2>
<p>Dấu mốc 119 giúp người đọc theo dõi tuyến đường.</p>
<h2>Chặng 120</h2>
<p>Dấu mốc 120 giúp người đọc theo dõi tuyến đường.</p>
<h2>Chặng 121</h2>
<p>Dấu mốc 121 giúp người đọc theo dõi tuyến đường.</p>
<h2>Chặng 122</h2>
<p>Dấu mốc 122 giúp người đọc theo dõi tuyến đường.</p>
<h2>Chặng 123</h2>
<p>Dấu mốc 123 giúp người đọc theo dõi tuyến đường.</p>
<h2>Chặng 124</h2>
<p>Dấu mốc 124 giúp người đọc theo dõi tuyến đường.</p>
<h2>Chặng 125</h2>
<p>Dấu mốc 125 giúp người đọc theo dõi tuyến đường.</p>
<h2>Chặng 126</h2>
<p>Dấu mốc 126 giúp người đọc theo dõi tuyến đường.</p>
<h2>Chặng 127</h2>
<p>Dấu mốc 127 giúp người đọc theo dõi tuyến đường.</p>
<h2>Chặng 128</h2>
<p>Dấu mốc 128 giúp người đọc theo dõi tuyến đường.</p>
<h2>Chặng 129</h2>
<p>Dấu mốc 129 giúp người đọc theo dõi tuyến đường.</p>
<h2>Chặng 130</h2>
<p>Dấu mốc 130 giúp người đọc theo dõi tuyến đường.</p>
<h2>Chặng 131</h2>
<p>Dấu mốc 131 giúp người đọc theo dõi tuyến đường.</p>
<h2>Chặng 132</h2>
<p>Dấu mốc 132 giúp người đọc theo dõi tuyến đường.</p>
<h2>Chặng 133</h2>
<p>Dấu mốc 133 giúp người đọc theo dõi tuyến đường.</p>
<h2>Chặng 134</h2>
<p>Dấu mốc 134 giúp người đọc theo dõi tuyến đường.</p>
<h2>Chặng 135</h2>
<p>Dấu mốc 135 giúp người đọc theo dõi tuyến đường.</p>
<h2>Chặng 136</h2>
<p>Dấu mốc 136 giúp người đọc theo dõi tuyến đường.</p>
<h2>Chặng 137</h2>
<p>Dấu mốc 137 giúp người đọc theo dõi tuyến đường.</p>
<h2>Chặng 138</h2>
<p>Dấu mốc 138 giúp người đọc theo dõi tuyến đường.</p>
<h2>Chặng 139</h2>
<p>Dấu mốc 139 giúp người đọc theo dõi tuyến đường.</p>
<h2>Chặng 140</h2>
<p>Dấu mốc 140 giúp người đọc theo dõi tuyến đường.</p>
<h2>Chặng 141</h2>
<p>Dấu mốc 141 giúp người đọc theo dõi tuyến đường.</p>
<h2>Chặng 142</h2>
<p>Dấu mốc 142 giúp người đọc theo dõi tuyến đường.</p>
<h2>Chặng 143</h2>
<p>Dấu mốc 143 giúp người đọc theo dõi tuyến đường.</p>
<h2>Chặng 144</h2>
<p>Dấu mốc 144 giúp người đọc theo dõi tuyến đường.</p>
<h2>Chặng 145</h2>
<p>Dấu mốc 145 giúp người đọc theo dõi tuyến đường.</p>
<h2>Chặng 146</h2>
<p>Dấu mốc 146 giúp người đọc theo dõi tuyến đường.</p>
<h2>Chặng 147</h2>
<p>Dấu mốc 147 giúp người đọc theo dõi tuyến đường.</p>
<h2>Chặng 148</h2>
<p>Dấu mốc 148 giúp người đọc theo dõi tuyến đường.</p>
<h2>Chặng 149</h2>
<p>Dấu mốc 149 giúp người đọc theo dõi tuyến đường.</p>
<h2>Chặng 150</h2>
<p>Dấu mốc 150 giúp người đọc theo dõi tuyến đường.</p>
<h2>Chặng 151</h2>
<p>Dấu mốc 151 giúp người đọc theo dõi tuyến đường.</p>
<h2>Chặng 152</h2>
<p>Dấu mốc 152 giúp người đọc theo dõi tuyến đường.</p>
<h2>Chặng 153</h2>
<p>Dấu mốc 153 giúp người đọc theo dõi tuyến đường.</p>
<h2>Chặng 154</h2>
<p>Dấu mốc 154 giúp người đọc theo dõi tuyến đường.</p>
<h2>Chặng 155</h2>
<p>Dấu mốc 155 giúp người đọc theo dõi tuyến đường.</p>
<h2>Chặng 156</h2>
<p>Dấu mốc 156 giúp người đọc theo dõi tuyến đường.</p>
<h2>Chặng 157</h2>
<p>Dấu mốc 157 giúp người đọc theo dõi tuyến đường.</p>
<h2>Chặng 158</h2>
<p>Dấu mốc 158 giúp người đọc theo dõi tuyến đường.</p>
<h2>Chặng 159</h2>
<p>Dấu mốc 159 giúp người đọc theo dõi tuyến đường.</p>
<h2>Chặng 160</h2>
<p>Dấu mốc 160 giúp người đọc theo dõi tuyến đường.</p>
<h2>Chặng 161</h2>
<p>Dấu mốc 161 giúp người đọc theo dõi tuyến đường.</p>
<h2>Chặng 162</h2>
<p>Dấu mốc 162 giúp người đọc theo dõi tuyến đường.</p>
<h2>Chặng 163</h2>
<p>Dấu mốc 163 giúp người đọc theo dõi tuyến đường.</p>
<h2>Chặng 164</h2>
<p>Dấu mốc 164 giúp người đọc theo dõi tuyến đường.</p>
<h2>Chặng 165</h2>
<p>Dấu mốc 165 giúp người đọc theo dõi tuyến đường.</p>
<h2>Chặng 166</h2>
<p>Dấu mốc 166 giúp người đọc theo dõi tuyến đường.</p>
<h2>Chặng 167</h2>
<p>Dấu mốc 167 giúp người đọc theo dõi tuyến đường.</p>
<h2>Chặng 168</h2>
<p>Dấu mốc 168 giúp người đọc theo dõi tuyến đường.</p>
<h2>Chặng 169</h2>
<p>Dấu mốc 169 giúp người đọc theo dõi tuyến đường.</p>
<h2>Chặng 170</h2>
<p>Dấu mốc 170 giúp người đọc theo dõi tuyến đường.</p>
<h2>Chặng 171</h2>
<p>Dấu mốc 171 giúp người đọc theo dõi tuyến đường.</p>
<h2>Chặng 172</h2>
<p>Dấu mốc 172 giúp người đọc theo dõi tuyến đường.</p>
<h2>Chặng 173</h2>
<p>Dấu mốc 173 giúp người đọc theo dõi tuyến đường.</p>
<h2>Chặng 174</h2>
<p>Dấu mốc 174 giúp người đọc theo dõi tuyến đường.</p>
<h2>Chặng 175</h2>
<p>Dấu mốc 175 giúp người đọc theo dõi tuyến đường.</p>
<h2>Chặng 176</h2>
<p>Dấu mốc 176 giúp người đọc theo dõi tuyến đường.</p>
<h2>Chặng 177</h2>
<p>Dấu mốc 177 giúp người đọc theo dõi tuyến đường.</p>
<h2>Chặng 178</h2>
<p>Dấu mốc 178 giúp người đọc theo dõi tuyến đường.</p>
<h2>Chặng 179</h2>
<p>Dấu mốc 179 giúp người đọc theo dõi tuyến đường.</p>
<h2>Chặng 180</h2>
<p>Dấu mốc 180 giúp người đọc theo dõi tuyến đường.</p>
<h2>Chặng 181</h2>
<p>Dấu mốc 181 giúp người đọc theo dõi tuyến đường.</p>
<h2>Chặng 182</h2>
<p>Dấu mốc 182 giúp người đọc theo dõi tuyến đường.</p>
<h2>Chặng 183</h2>
<p>Dấu mốc 183 giúp người đọc theo dõi tuyến đường.</p>
<h2>Chặng 184</h2>
<p>Dấu mốc 184 giúp người đọc theo dõi tuyến đường.</p>
<h2>Chặng 185</h2>
<p>Dấu mốc 185 giúp người đọc theo dõi tuyến đường.</p>
<h2>Chặng 186</h2>
<p>Dấu mốc 186 giúp người đọc theo dõi tuyến đường.</p>
<h2>Chặng 187</h2>
<p>Dấu mốc 187 giúp người đọc theo dõi tuyến đường.</p>
<h2>Chặng 188</h2>
<p>Dấu mốc 188 giúp người đọc theo dõi tuyến đường.</p>
<h2>Chặng 189</h2>
<p>Dấu mốc 189 giúp người đọc theo dõi tuyến đường.</p>
<h2>Chặng 190</h2>
<p>Dấu mốc 190 giúp người đọc theo dõi tuyến đường.</p>
<h2>Chặng 191</h2>
<p>Dấu mốc 191 giúp người đọc theo dõi tuyến đường.</p>
<h2>Chặng 192</h2>
<p>Dấu mốc 192 giúp người đọc theo dõi tuyến đường.</p>
<h2>Chặng 193</h2>
<p>Dấu mốc 193 giúp người đọc theo dõi tuyến đường.</p>
<h2>Chặng 194</h2>
<p>Dấu mốc 194 giúp người đọc theo dõi tuyến đường.</p>
<h2>Chặng 195</h2>
<p>Dấu mốc 195 giúp người đọc theo dõi tuyến đường.</p>
<h2>Chặng 196</h2>
<p>Dấu mốc 196 giúp người đọc theo dõi tuyến đường.</p>
<h2>Chặng 197</h2>
<p>Dấu mốc 197 giúp người đọc theo dõi tuyến đường.</p>
<h2>Chặng 198</h2>
<p>Dấu mốc 198 giúp người đọc theo dõi tuyến đường.</p>
<h2>Chặng 199</h2>
<p>Dấu mốc 199 giúp người đọc theo dõi tuyến đường.</p>
<h2>Chặng 200</h2>
<p>Dấu mốc 200 giúp người đọc theo dõi tuyến đường.</p>
<h2>Chặng 201</h2>
<p>Dấu mốc 201 giúp người đọc theo dõi tuyến đường.</p>
<h2>Chặng 202</h2>
<p>Dấu mốc 202 giúp người đọc theo dõi tuyến đường.</p>
<h2>Chặng 203</h2>
<p>Dấu mốc 203 giúp người đọc theo dõi tuyến đường.</p>
<h2>Chặng 204</h2>
<p>Dấu mốc 204 giúp người đọc theo dõi tuyến đường.</p>
<h2>Chặng 205</h2>
<p>Dấu mốc 205 giúp người đọc theo dõi tuyến đường.</p>
<h2>Chặng 206</h2>
<p>Dấu mốc 206 giúp người đọc theo dõi tuyến đường.</p>
<h2>Chặng 207</h2>
<p>Dấu mốc 207 giúp người đọc theo dõi tuyến đường.</p>
<h2>Chặng 208</h2>
<p>Dấu mốc 208 giúp người đọc theo dõi tuyến đường.</p>
<h2>Chặng 209</h2>
<p>Dấu mốc 209 giúp người đọc theo dõi tuyến đường.</p>
<h2>Chặng 210</h2>
<p>Dấu mốc 210 giúp người đọc theo dõi tuyến đường.</p>
<h2>Chặng 211</h2>
<p>Dấu mốc 211 giúp người đọc theo dõi tuyến đường.</p>
<h2>Chặng 212</h2>
<p>Dấu mốc 212 giúp người đọc theo dõi tuyến đường.</p>
<h2>Chặng 213</h2>
<p>Dấu mốc 213 giúp người đọc theo dõi tuyến đường.</p>
<h2>Chặng 214</h2>
<p>Dấu mốc 214 giúp người đọc theo dõi tuyến đường.</p>
<h2>Chặng 215</h2>
<p>Dấu mốc 215 giúp người đọc theo dõi tuyến đường.</p>
<h2>Chặng 216</h2>
<p>Dấu mốc 216 giúp người đọc theo dõi tuyến đường.</p>
<h2>Chặng 217</h2>
<p>Dấu mốc 217 giúp người đọc theo dõi tuyến đường.</p>
<h2>Chặng 218</h2>
<p>Dấu mốc 218 giúp người đọc theo dõi tuyến đường.</p>
<h2>Chặng 219</h2>
<p>Dấu mốc 219 giúp người đọc theo dõi tuyến đường.</p>
<h2>Chặng 220</h2>
<p>Dấu mốc 220 giúp người đọc theo dõi tuyến đường.</p>
<h2>Chặng 221</h2>
<p>Dấu mốc 221 giúp người đọc theo dõi tuyến đường.</p>
<h2>Chặng 222</h2>
<p>Dấu mốc 222 giúp người đọc theo dõi tuyến đường.</p>
<h2>Chặng 223</h2>
<p>Dấu mốc 223 giúp người đọc theo dõi tuyến đường.</p>
<h2>Chặng 224</h2>
<p>Dấu mốc 224 giúp người đọc theo dõi tuyến đường.</p>
</body>
</html>
