---
source: crates/ariad-cli/tests/route_golden.rs
---
Package entries (sorted):
- EPUB/content.opf
- EPUB/nav.xhtml
- EPUB/styles/stylesheet1.css
- EPUB/text/ch001.xhtml
- EPUB/text/title_page.xhtml
- EPUB/toc.ncx
- META-INF/com.apple.ibooks.display-options.xml
- META-INF/container.xml
- mimetype

XML parts:

--- EPUB/content.opf ---
<?xml version="1.0" encoding="UTF-8"?>
<package version="3.0" xmlns="http://www.idpf.org/2007/opf" xml:lang="und" unique-identifier="epub-id-1" prefix="ibooks: http://vocabulary.itunes.apple.com/rdf/ibooks/vocabulary-extensions-1.0/">
  <metadata xmlns:dc="http://purl.org/dc/elements/1.1/" xmlns:opf="http://www.idpf.org/2007/opf">
    <dc:identifier id="epub-id-1">urn:uuid:787469ca-8340-52ec-806d-2a6b895d69fa</dc:identifier>
    <dc:title id="epub-title-1">vi-long-headings</dc:title>
    <dc:date id="epub-date">2023-11-14T22:13:20Z</dc:date>
    <dc:language>und</dc:language>
    <meta property="dcterms:modified">2023-11-14T22:13:20Z</meta>
    <meta property="schema:accessMode">textual</meta>
    <meta property="schema:accessModeSufficient">textual</meta>
    <meta property="schema:accessibilityFeature">alternativeText</meta>
    <meta property="schema:accessibilityFeature">readingOrder</meta>
    <meta property="schema:accessibilityFeature">structuralNavigation</meta>
    <meta property="schema:accessibilityFeature">tableOfContents</meta>
    <meta property="schema:accessibilityHazard">none</meta>
  </metadata>
  <manifest>
    <item id="ncx" href="toc.ncx" media-type="application/x-dtbncx+xml" />
    <item id="nav" href="nav.xhtml" media-type="application/xhtml+xml" properties="nav" />
    <item id="stylesheet1" href="styles/stylesheet1.css" media-type="text/css" />
    <item id="title_page_xhtml" href="text/title_page.xhtml" media-type="application/xhtml+xml" />
    <item id="ch001_xhtml" href="text/ch001.xhtml" media-type="application/xhtml+xml" />
  </manifest>
  <spine toc="ncx">
    <itemref idref="title_page_xhtml" linear="yes" />
    <itemref idref="ch001_xhtml" />
  </spine>
  <guide>
    <reference type="toc" title="vi-long-headings" href="nav.xhtml" />
  </guide>
</package>


--- EPUB/nav.xhtml ---
<?xml version="1.0" encoding="UTF-8"?>
<!DOCTYPE html>
<html xmlns="http://www.w3.org/1999/xhtml" xmlns:epub="http://www.idpf.org/2007/ops" lang="und" xml:lang="und">
<head>
  <meta charset="utf-8" />
  <meta name="generator" content="pandoc" />
  <title>vi-long-headings</title>
  <style>
  </style>
  <link rel="stylesheet" type="text/css" href="styles/stylesheet1.css" />
</head>
<body epub:type="frontmatter">
<nav epub:type="toc" role="doc-toc" id="toc">
      <h1 id="toc-title">vi-long-headings</h1>
      <ol class="toc">
        <li id="toc-li-1">
          <a href="text/ch001.xhtml#vi-long-headings">vi-long-headings</a>
          <ol class="toc">
            <li id="toc-li-2">
              <a href="text/ch001.xhtml#chặng-001">Chặng 001</a>
            </li>
            <li id="toc-li-3">
              <a href="text/ch001.xhtml#chặng-002">Chặng 002</a>
            </li>
            <li id="toc-li-4">
              <a href="text/ch001.xhtml#chặng-003">Chặng 003</a>
            </li>
            <li id="toc-li-5">
              <a href="text/ch001.xhtml#chặng-004">Chặng 004</a>
            </li>
            <li id="toc-li-6">
              <a href="text/ch001.xhtml#chặng-005">Chặng 005</a>
            </li>
            <li id="toc-li-7">
              <a href="text/ch001.xhtml#chặng-006">Chặng 006</a>
            </li>
            <li id="toc-li-8">
              <a href="text/ch001.xhtml#chặng-007">Chặng 007</a>
            </li>
            <li id="toc-li-9">
              <a href="text/ch001.xhtml#chặng-008">Chặng 008</a>
            </li>
            <li id="toc-li-10">
              <a href="text/ch001.xhtml#chặng-009">Chặng 009</a>
            </li>
            <li id="toc-li-11">
              <a href="text/ch001.xhtml#chặng-010">Chặng 010</a>
            </li>
            <li id="toc-li-12">
              <a href="text/ch001.xhtml#chặng-011">Chặng 011</a>
            </li>
            <li id="toc-li-13">
              <a href="text/ch001.xhtml#chặng-012">Chặng 012</a>
            </li>
            <li id="toc-li-14">
              <a href="text/ch001.xhtml#chặng-013">Chặng 013</a>
            </li>
            <li id="toc-li-15">
              <a href="text/ch001.xhtml#chặng-014">Chặng 014</a>
            </li>
            <li id="toc-li-16">
              <a href="text/ch001.xhtml#chặng-015">Chặng 015</a>
            </li>
            <li id="toc-li-17">
              <a href="text/ch001.xhtml#chặng-016">Chặng 016</a>
            </li>
            <li id="toc-li-18">
              <a href="text/ch001.xhtml#chặng-017">Chặng 017</a>
            </li>
            <li id="toc-li-19">
              <a href="text/ch001.xhtml#chặng-018">Chặng 018</a>
            </li>
            <li id="toc-li-20">
              <a href="text/ch001.xhtml#chặng-019">Chặng 019</a>
            </li>
            <li id="toc-li-21">
              <a href="text/ch001.xhtml#chặng-020">Chặng 020</a>
            </li>
            <li id="toc-li-22">
              <a href="text/ch001.xhtml#chặng-021">Chặng 021</a>
            </li>
            <li id="toc-li-23">
              <a href="text/ch001.xhtml#chặng-022">Chặng 022</a>
            </li>
            <li id="toc-li-24">
              <a href="text/ch001.xhtml#chặng-023">Chặng 023</a>
            </li>
            <li id="toc-li-25">
              <a href="text/ch001.xhtml#chặng-024">Chặng 024</a>
            </li>
            <li id="toc-li-26">
              <a href="text/ch001.xhtml#chặng-025">Chặng 025</a>
            </li>
            <li id="toc-li-27">
              <a href="text/ch001.xhtml#chặng-026">Chặng 026</a>
            </li>
            <li id="toc-li-28">
              <a href="text/ch001.xhtml#chặng-027">Chặng 027</a>
            </li>
            <li id="toc-li-29">
              <a href="text/ch001.xhtml#chặng-028">Chặng 028</a>
            </li>
            <li id="toc-li-30">
              <a href="text/ch001.xhtml#chặng-029">Chặng 029</a>
            </li>
            <li id="toc-li-31">
              <a href="text/ch001.xhtml#chặng-030">Chặng 030</a>
            </li>
            <li id="toc-li-32">
              <a href="text/ch001.xhtml#chặng-031">Chặng 031</a>
            </li>
            <li id="toc-li-33">
              <a href="text/ch001.xhtml#chặng-032">Chặng 032</a>
            </li>
            <li id="toc-li-34">
              <a href="text/ch001.xhtml#chặng-033">Chặng 033</a>
            </li>
            <li id="toc-li-35">
              <a href="text/ch001.xhtml#chặng-034">Chặng 034</a>
            </li>
            <li id="toc-li-36">
              <a href="text/ch001.xhtml#chặng-035">Chặng 035</a>
            </li>
            <li id="toc-li-37">
              <a href="text/ch001.xhtml#chặng-036">Chặng 036</a>
            </li>
            <li id="toc-li-38">
              <a href="text/ch001.xhtml#chặng-037">Chặng 037</a>
            </li>
            <li id="toc-li-39">
              <a href="text/ch001.xhtml#chặng-038">Chặng 038</a>
            </li>
            <li id="toc-li-40">
              <a href="text/ch001.xhtml#chặng-039">Chặng 039</a>
            </li>
            <li id="toc-li-41">
              <a href="text/ch001.xhtml#chặng-040">Chặng 040</a>
            </li>
            <li id="toc-li-42">
              <a href="text/ch001.xhtml#chặng-041">Chặng 041</a>
            </li>
            <li id="toc-li-43">
              <a href="text/ch001.xhtml#chặng-042">Chặng 042</a>
            </li>
            <li id="toc-li-44">
              <a href="text/ch001.xhtml#chặng-043">Chặng 043</a>
            </li>
            <li id="toc-li-45">
              <a href="text/ch001.xhtml#chặng-044">Chặng 044</a>
            </li>
            <li id="toc-li-46">
              <a href="text/ch001.xhtml#chặng-045">Chặng 045</a>
            </li>
            <li id="toc-li-47">
              <a href="text/ch001.xhtml#chặng-046">Chặng 046</a>
            </li>
            <li id="toc-li-48">
              <a href="text/ch001.xhtml#chặng-047">Chặng 047</a>
            </li>
            <li id="toc-li-49">
              <a href="text/ch001.xhtml#chặng-048">Chặng 048</a>
            </li>
            <li id="toc-li-50">
              <a href="text/ch001.xhtml#chặng-049">Chặng 049</a>
            </li>
            <li id="toc-li-51">
              <a href="text/ch001.xhtml#chặng-050">Chặng 050</a>
            </li>
            <li id="toc-li-52">
              <a href="text/ch001.xhtml#chặng-051">Chặng 051</a>
            </li>
            <li id="toc-li-53">
              <a href="text/ch001.xhtml#chặng-052">Chặng 052</a>
            </li>
            <li id="toc-li-54">
              <a href="text/ch001.xhtml#chặng-053">Chặng 053</a>
            </li>
            <li id="toc-li-55">
              <a href="text/ch001.xhtml#chặng-054">Chặng 054</a>
            </li>
            <li id="toc-li-56">
              <a href="text/ch001.xhtml#chặng-055">Chặng 055</a>
            </li>
            <li id="toc-li-57">
              <a href="text/ch001.xhtml#chặng-056">Chặng 056</a>
            </li>
            <li id="toc-li-58">
              <a href="text/ch001.xhtml#chặng-057">Chặng 057</a>
            </li>
            <li id="toc-li-59">
              <a href="text/ch001.xhtml#chặng-058">Chặng 058</a>
            </li>
            <li id="toc-li-60">
              <a href="text/ch001.xhtml#chặng-059">Chặng 059</a>
            </li>
            <li id="toc-li-61">
              <a href="text/ch001.xhtml#chặng-060">Chặng 060</a>
            </li>
            <li id="toc-li-62">
              <a href="text/ch001.xhtml#chặng-061">Chặng 061</a>
            </li>
            <li id="toc-li-63">
              <a href="text/ch001.xhtml#chặng-062">Chặng 062</a>
            </li>
            <li id="toc-li-64">
              <a href="text/ch001.xhtml#chặng-063">Chặng 063</a>
            </li>
            <li id="toc-li-65">
              <a href="text/ch001.xhtml#chặng-064">Chặng 064</a>
            </li>
            <li id="toc-li-66">
              <a href="text/ch001.xhtml#chặng-065">Chặng 065</a>
            </li>
            <li id="toc-li-67">
              <a href="text/ch001.xhtml#chặng-066">Chặng 066</a>
            </li>
            <li id="toc-li-68">
              <a href="text/ch001.xhtml#chặng-067">Chặng 067</a>
            </li>
            <li id="toc-li-69">
              <a href="text/ch001.xhtml#chặng-068">Chặng 068</a>
            </li>
            <li id="toc-li-70">
              <a href="text/ch001.xhtml#chặng-069">Chặng 069</a>
            </li>
            <li id="toc-li-71">
              <a href="text/ch001.xhtml#chặng-070">Chặng 070</a>
            </li>
            <li id="toc-li-72">
              <a href="text/ch001.xhtml#chặng-071">Chặng 071</a>
            </li>
            <li id="toc-li-73">
              <a href="text/ch001.xhtml#chặng-072">Chặng 072</a>
            </li>
            <li id="toc-li-74">
              <a href="text/ch001.xhtml#chặng-073">Chặng 073</a>
            </li>
            <li id="toc-li-75">
              <a href="text/ch001.xhtml#chặng-074">Chặng 074</a>
            </li>
            <li id="toc-li-76">
              <a href="text/ch001.xhtml#chặng-075">Chặng 075</a>
            </li>
            <li id="toc-li-77">
              <a href="text/ch001.xhtml#chặng-076">Chặng 076</a>
            </li>
            <li id="toc-li-78">
              <a href="text/ch001.xhtml#chặng-077">Chặng 077</a>
            </li>
            <li id="toc-li-79">
              <a href="text/ch001.xhtml#chặng-078">Chặng 078</a>
            </li>
            <li id="toc-li-80">
              <a href="text/ch001.xhtml#chặng-079">Chặng 079</a>
            </li>
            <li id="toc-li-81">
              <a href="text/ch001.xhtml#chặng-080">Chặng 080</a>
            </li>
            <li id="toc-li-82">
              <a href="text/ch001.xhtml#chặng-081">Chặng 081</a>
            </li>
            <li id="toc-li-83">
              <a href="text/ch001.xhtml#chặng-082">Chặng 082</a>
            </li>
            <li id="toc-li-84">
              <a href="text/ch001.xhtml#chặng-083">Chặng 083</a>
            </li>
            <li id="toc-li-85">
              <a href="text/ch001.xhtml#chặng-084">Chặng 084</a>
            </li>
            <li id="toc-li-86">
              <a href="text/ch001.xhtml#chặng-085">Chặng 085</a>
            </li>
            <li id="toc-li-87">
              <a href="text/ch001.xhtml#chặng-086">Chặng 086</a>
            </li>
            <li id="toc-li-88">
              <a href="text/ch001.xhtml#chặng-087">Chặng 087</a>
            </li>
            <li id="toc-li-89">
              <a href="text/ch001.xhtml#chặng-088">Chặng 088</a>
            </li>
            <li id="toc-li-90">
              <a href="text/ch001.xhtml#chặng-089">Chặng 089</a>
            </li>
            <li id="toc-li-91">
              <a href="text/ch001.xhtml#chặng-090">Chặng 090</a>
            </li>
            <li id="toc-li-92">
              <a href="text/ch001.xhtml#chặng-091">Chặng 091</a>
            </li>
            <li id="toc-li-93">
              <a href="text/ch001.xhtml#chặng-092">Chặng 092</a>
            </li>
            <li id="toc-li-94">
              <a href="text/ch001.xhtml#chặng-093">Chặng 093</a>
            </li>
            <li id="toc-li-95">
              <a href="text/ch001.xhtml#chặng-094">Chặng 094</a>
            </li>
            <li id="toc-li-96">
              <a href="text/ch001.xhtml#chặng-095">Chặng 095</a>
            </li>
            <li id="toc-li-97">
              <a href="text/ch001.xhtml#chặng-096">Chặng 096</a>
            </li>
            <li id="toc-li-98">
              <a href="text/ch001.xhtml#chặng-097">Chặng 097</a>
            </li>
            <li id="toc-li-99">
              <a href="text/ch001.xhtml#chặng-098">Chặng 098</a>
            </li>
            <li id="toc-li-100">
              <a href="text/ch001.xhtml#chặng-099">Chặng 099</a>
            </li>
            <li id="toc-li-101">
              <a href="text/ch001.xhtml#chặng-100">Chặng 100</a>
            </li>
            <li id="toc-li-102">
              <a href="text/ch001.xhtml#chặng-101">Chặng 101</a>
            </li>
            <li id="toc-li-103">
              <a href="text/ch001.xhtml#chặng-102">Chặng 102</a>
            </li>
            <li id="toc-li-104">
              <a href="text/ch001.xhtml#chặng-103">Chặng 103</a>
            </li>
            <li id="toc-li-105">
              <a href="text/ch001.xhtml#chặng-104">Chặng 104</a>
            </li>
            <li id="toc-li-106">
              <a href="text/ch001.xhtml#chặng-105">Chặng 105</a>
            </li>
            <li id="toc-li-107">
              <a href="text/ch001.xhtml#chặng-106">Chặng 106</a>
            </li>
            <li id="toc-li-108">
              <a href="text/ch001.xhtml#chặng-107">Chặng 107</a>
            </li>
            <li id="toc-li-109">
              <a href="text/ch001.xhtml#chặng-108">Chặng 108</a>
            </li>
            <li id="toc-li-110">
              <a href="text/ch001.xhtml#chặng-109">Chặng 109</a>
            </li>
            <li id="toc-li-111">
              <a href="text/ch001.xhtml#chặng-110">Chặng 110</a>
            </li>
            <li id="toc-li-112">
              <a href="text/ch001.xhtml#chặng-111">Chặng 111</a>
            </li>
            <li id="toc-li-113">
              <a href="text/ch001.xhtml#chặng-112">Chặng 112</a>
            </li>
            <li id="toc-li-114">
              <a href="text/ch001.xhtml#chặng-113">Chặng 113</a>
            </li>
            <li id="toc-li-115">
              <a href="text/ch001.xhtml#chặng-114">Chặng 114</a>
            </li>
            <li id="toc-li-116">
              <a href="text/ch001.xhtml#chặng-115">Chặng 115</a>
            </li>
            <li id="toc-li-117">
              <a href="text/ch001.xhtml#chặng-116">Chặng 116</a>
            </li>
            <li id="toc-li-118">
              <a href="text/ch001.xhtml#chặng-117">Chặng 117</a>
            </li>
            <li id="toc-li-119">
              <a href="text/ch001.xhtml#chặng-118">Chặng 118</a>
            </li>
            <li id="toc-li-120">
              <a href="text/ch001.xhtml#chặng-119">Chặng 119</a>
            </li>
            <li id="toc-li-121">
              <a href="text/ch001.xhtml#chặng-120">Chặng 120</a>
            </li>
            <li id="toc-li-122">
              <a href="text/ch001.xhtml#chặng-121">Chặng 121</a>
            </li>
            <li id="toc-li-123">
              <a href="text/ch001.xhtml#chặng-122">Chặng 122</a>
            </li>
            <li id="toc-li-124">
              <a href="text/ch001.xhtml#chặng-123">Chặng 123</a>
            </li>
            <li id="toc-li-125">
              <a href="text/ch001.xhtml#chặng-124">Chặng 124</a>
            </li>
            <li id="toc-li-126">
              <a href="text/ch001.xhtml#chặng-125">Chặng 125</a>
            </li>
            <li id="toc-li-127">
              <a href="text/ch001.xhtml#chặng-126">Chặng 126</a>
            </li>
            <li id="toc-li-128">
              <a href="text/ch001.xhtml#chặng-127">Chặng 127</a>
            </li>
            <li id="toc-li-129">
              <a href="text/ch001.xhtml#chặng-128">Chặng 128</a>
            </li>
            <li id="toc-li-130">
              <a href="text/ch001.xhtml#chặng-129">Chặng 129</a>
            </li>
            <li id="toc-li-131">
              <a href="text/ch001.xhtml#chặng-130">Chặng 130</a>
            </li>
            <li id="toc-li-132">
              <a href="text/ch001.xhtml#chặng-131">Chặng 131</a>
            </li>
            <li id="toc-li-133">
              <a href="text/ch001.xhtml#chặng-132">Chặng 132</a>
            </li>
            <li id="toc-li-134">
              <a href="text/ch001.xhtml#chặng-133">Chặng 133</a>
            </li>
            <li id="toc-li-135">
              <a href="text/ch001.xhtml#chặng-134">Chặng 134</a>
            </li>
            <li id="toc-li-136">
              <a href="text/ch001.xhtml#chặng-135">Chặng 135</a>
            </li>
            <li id="toc-li-137">
              <a href="text/ch001.xhtml#chặng-136">Chặng 136</a>
            </li>
            <li id="toc-li-138">
              <a href="text/ch001.xhtml#chặng-137">Chặng 137</a>
            </li>
            <li id="toc-li-139">
              <a href="text/ch001.xhtml#chặng-138">Chặng 138</a>
            </li>
            <li id="toc-li-140">
              <a href="text/ch001.xhtml#chặng-139">Chặng 139</a>
            </li>
            <li id="toc-li-141">
              <a href="text/ch001.xhtml#chặng-140">Chặng 140</a>
            </li>
            <li id="toc-li-142">
              <a href="text/ch001.xhtml#chặng-141">Chặng 141</a>
            </li>
            <li id="toc-li-143">
              <a href="text/ch001.xhtml#chặng-142">Chặng 142</a>
            </li>
            <li id="toc-li-144">
              <a href="text/ch001.xhtml#chặng-143">Chặng 143</a>
            </li>
            <li id="toc-li-145">
              <a href="text/ch001.xhtml#chặng-144">Chặng 144</a>
            </li>
            <li id="toc-li-146">
              <a href="text/ch001.xhtml#chặng-145">Chặng 145</a>
            </li>
            <li id="toc-li-147">
              <a href="text/ch001.xhtml#chặng-146">Chặng 146</a>
            </li>
            <li id="toc-li-148">
              <a href="text/ch001.xhtml#chặng-147">Chặng 147</a>
            </li>
            <li id="toc-li-149">
              <a href="text/ch001.xhtml#chặng-148">Chặng 148</a>
            </li>
            <li id="toc-li-150">
              <a href="text/ch001.xhtml#chặng-149">Chặng 149</a>
            </li>
            <li id="toc-li-151">
              <a href="text/ch001.xhtml#chặng-150">Chặng 150</a>
            </li>
            <li id="toc-li-152">
              <a href="text/ch001.xhtml#chặng-151">Chặng 151</a>
            </li>
            <li id="toc-li-153">
              <a href="text/ch001.xhtml#chặng-152">Chặng 152</a>
            </li>
            <li id="toc-li-154">
              <a href="text/ch001.xhtml#chặng-153">Chặng 153</a>
            </li>
            <li id="toc-li-155">
              <a href="text/ch001.xhtml#chặng-154">Chặng 154</a>
            </li>
            <li id="toc-li-156">
              <a href="text/ch001.xhtml#chặng-155">Chặng 155</a>
            </li>
            <li id="toc-li-157">
              <a href="text/ch001.xhtml#chặng-156">Chặng 156</a>
            </li>
            <li id="toc-li-158">
              <a href="text/ch001.xhtml#chặng-157">Chặng 157</a>
            </li>
            <li id="toc-li-159">
              <a href="text/ch001.xhtml#chặng-158">Chặng 158</a>
            </li>
            <li id="toc-li-160">
              <a href="text/ch001.xhtml#chặng-159">Chặng 159</a>
            </li>
            <li id="toc-li-161">
              <a href="text/ch001.xhtml#chặng-160">Chặng 160</a>
            </li>
            <li id="toc-li-162">
              <a href="text/ch001.xhtml#chặng-161">Chặng 161</a>
            </li>
            <li id="toc-li-163">
              <a href="text/ch001.xhtml#chặng-162">Chặng 162</a>
            </li>
            <li id="toc-li-164">
              <a href="text/ch001.xhtml#chặng-163">Chặng 163</a>
            </li>
            <li id="toc-li-165">
              <a href="text/ch001.xhtml#chặng-164">Chặng 164</a>
            </li>
            <li id="toc-li-166">
              <a href="text/ch001.xhtml#chặng-165">Chặng 165</a>
            </li>
            <li id="toc-li-167">
              <a href="text/ch001.xhtml#chặng-166">Chặng 166</a>
            </li>
            <li id="toc-li-168">
              <a href="text/ch001.xhtml#chặng-167">Chặng 167</a>
            </li>
            <li id="toc-li-169">
              <a href="text/ch001.xhtml#chặng-168">Chặng 168</a>
            </li>
            <li id="toc-li-170">
              <a href="text/ch001.xhtml#chặng-169">Chặng 169</a>
            </li>
            <li id="toc-li-171">
              <a href="text/ch001.xhtml#chặng-170">Chặng 170</a>
            </li>
            <li id="toc-li-172">
              <a href="text/ch001.xhtml#chặng-171">Chặng 171</a>
            </li>
            <li id="toc-li-173">
              <a href="text/ch001.xhtml#chặng-172">Chặng 172</a>
            </li>
            <li id="toc-li-174">
              <a href="text/ch001.xhtml#chặng-173">Chặng 173</a>
            </li>
            <li id="toc-li-175">
              <a href="text/ch001.xhtml#chặng-174">Chặng 174</a>
            </li>
            <li id="toc-li-176">
              <a href="text/ch001.xhtml#chặng-175">Chặng 175</a>
            </li>
            <li id="toc-li-177">
              <a href="text/ch001.xhtml#chặng-176">Chặng 176</a>
            </li>
            <li id="toc-li-178">
              <a href="text/ch001.xhtml#chặng-177">Chặng 177</a>
            </li>
            <li id="toc-li-179">
              <a href="text/ch001.xhtml#chặng-178">Chặng 178</a>
            </li>
            <li id="toc-li-180">
              <a href="text/ch001.xhtml#chặng-179">Chặng 179</a>
            </li>
            <li id="toc-li-181">
              <a href="text/ch001.xhtml#chặng-180">Chặng 180</a>
            </li>
            <li id="toc-li-182">
              <a href="text/ch001.xhtml#chặng-181">Chặng 181</a>
            </li>
            <li id="toc-li-183">
              <a href="text/ch001.xhtml#chặng-182">Chặng 182</a>
            </li>
            <li id="toc-li-184">
              <a href="text/ch001.xhtml#chặng-183">Chặng 183</a>
            </li>
            <li id="toc-li-185">
              <a href="text/ch001.xhtml#chặng-184">Chặng 184</a>
            </li>
            <li id="toc-li-186">
              <a href="text/ch001.xhtml#chặng-185">Chặng 185</a>
            </li>
            <li id="toc-li-187">
              <a href="text/ch001.xhtml#chặng-186">Chặng 186</a>
            </li>
            <li id="toc-li-188">
              <a href="text/ch001.xhtml#chặng-187">Chặng 187</a>
            </li>
            <li id="toc-li-189">
              <a href="text/ch001.xhtml#chặng-188">Chặng 188</a>
            </li>
            <li id="toc-li-190">
              <a href="text/ch001.xhtml#chặng-189">Chặng 189</a>
            </li>
            <li id="toc-li-191">
              <a href="text/ch001.xhtml#chặng-190">Chặng 190</a>
            </li>
            <li id="toc-li-192">
              <a href="text/ch001.xhtml#chặng-191">Chặng 191</a>
            </li>
            <li id="toc-li-193">
              <a href="text/ch001.xhtml#chặng-192">Chặng 192</a>
            </li>
            <li id="toc-li-194">
              <a href="text/ch001.xhtml#chặng-193">Chặng 193</a>
            </li>
            <li id="toc-li-195">
              <a href="text/ch001.xhtml#chặng-194">Chặng 194</a>
            </li>
            <li id="toc-li-196">
              <a href="text/ch001.xhtml#chặng-195">Chặng 195</a>
            </li>
            <li id="toc-li-197">
              <a href="text/ch001.xhtml#chặng-196">Chặng 196</a>
            </li>
            <li id="toc-li-198">
              <a href="text/ch001.xhtml#chặng-197">Chặng 197</a>
            </li>
            <li id="toc-li-199">
              <a href="text/ch001.xhtml#chặng-198">Chặng 198</a>
            </li>
            <li id="toc-li-200">
              <a href="text/ch001.xhtml#chặng-199">Chặng 199</a>
            </li>
            <li id="toc-li-201">
              <a href="text/ch001.xhtml#chặng-200">Chặng 200</a>
            </li>
            <li id="toc-li-202">
              <a href="text/ch001.xhtml#chặng-201">Chặng 201</a>
            </li>
            <li id="toc-li-203">
              <a href="text/ch001.xhtml#chặng-202">Chặng 202</a>
            </li>
            <li id="toc-li-204">
              <a href="text/ch001.xhtml#chặng-203">Chặng 203</a>
            </li>
            <li id="toc-li-205">
              <a href="text/ch001.xhtml#chặng-204">Chặng 204</a>
            </li>
            <li id="toc-li-206">
              <a href="text/ch001.xhtml#chặng-205">Chặng 205</a>
            </li>
            <li id="toc-li-207">
              <a href="text/ch001.xhtml#chặng-206">Chặng 206</a>
            </li>
            <li id="toc-li-208">
              <a href="text/ch001.xhtml#chặng-207">Chặng 207</a>
            </li>
            <li id="toc-li-209">
              <a href="text/ch001.xhtml#chặng-208">Chặng 208</a>
            </li>
            <li id="toc-li-210">
              <a href="text/ch001.xhtml#chặng-209">Chặng 209</a>
            </li>
            <li id="toc-li-211">
              <a href="text/ch001.xhtml#chặng-210">Chặng 210</a>
            </li>
            <li id="toc-li-212">
              <a href="text/ch001.xhtml#chặng-211">Chặng 211</a>
            </li>
            <li id="toc-li-213">
              <a href="text/ch001.xhtml#chặng-212">Chặng 212</a>
            </li>
            <li id="toc-li-214">
              <a href="text/ch001.xhtml#chặng-213">Chặng 213</a>
            </li>
            <li id="toc-li-215">
              <a href="text/ch001.xhtml#chặng-214">Chặng 214</a>
            </li>
            <li id="toc-li-216">
              <a href="text/ch001.xhtml#chặng-215">Chặng 215</a>
            </li>
            <li id="toc-li-217">
              <a href="text/ch001.xhtml#chặng-216">Chặng 216</a>
            </li>
            <li id="toc-li-218">
              <a href="text/ch001.xhtml#chặng-217">Chặng 217</a>
            </li>
            <li id="toc-li-219">
              <a href="text/ch001.xhtml#chặng-218">Chặng 218</a>
            </li>
            <li id="toc-li-220">
              <a href="text/ch001.xhtml#chặng-219">Chặng 219</a>
            </li>
            <li id="toc-li-221">
              <a href="text/ch001.xhtml#chặng-220">Chặng 220</a>
            </li>
            <li id="toc-li-222">
              <a href="text/ch001.xhtml#chặng-221">Chặng 221</a>
            </li>
            <li id="toc-li-223">
              <a href="text/ch001.xhtml#chặng-222">Chặng 222</a>
            </li>
            <li id="toc-li-224">
              <a href="text/ch001.xhtml#chặng-223">Chặng 223</a>
            </li>
            <li id="toc-li-225">
              <a href="text/ch001.xhtml#chặng-224">Chặng 224</a>
            </li>
          </ol>
        </li>
      </ol>
    </nav>
<nav epub:type="landmarks" id="landmarks" hidden="hidden">
  <ol>
    <li>
      <a href="text/title_page.xhtml" epub:type="titlepage">Title Page</a>
    </li>
  </ol>
</nav>
</body>
</html>


--- EPUB/text/ch001.xhtml ---
<?xml version="1.0" encoding="UTF-8"?>
<!DOCTYPE html>
<html xmlns="http://www.w3.org/1999/xhtml" xmlns:epub="http://www.idpf.org/2007/ops" lang="und" xml:lang="und">
<head>
  <meta charset="utf-8" />
  <meta name="generator" content="pandoc" />
  <title>ch001.xhtml</title>
  <style>
  </style>
  <link rel="stylesheet" type="text/css" href="../styles/stylesheet1.css" />
</head>
<body epub:type="bodymatter">
<section id="vi-long-headings" class="level1 unnumbered">
<h1 class="unnumbered">vi-long-headings</h1>
<section id="chặng-001" class="level2">
<h2>Chặng 001</h2>
<p>Dấu mốc 1 giúp người đọc theo dõi tuyến đường.</p>
</section>
<section id="chặng-002" class="level2">
<h2>Chặng 002</h2>
<p>Dấu mốc 2 giúp người đọc theo dõi tuyến đường.</p>
</section>
<section id="chặng-003" class="level2">
<h2>Chặng 003</h2>
<p>Dấu mốc 3 giúp người đọc theo dõi tuyến đường.</p>
</section>
<section id="chặng-004" class="level2">
<h2>Chặng 004</h2>
<p>Dấu mốc 4 giúp người đọc theo dõi tuyến đường.</p>
</section>
<section id="chặng-005" class="level2">
<h2>Chặng 005</h2>
<p>Dấu mốc 5 giúp người đọc theo dõi tuyến đường.</p>
</section>
<section id="chặng-006" class="level2">
<h2>Chặng 006</h2>
<p>Dấu mốc 6 giúp người đọc theo dõi tuyến đường.</p>
</section>
<section id="chặng-007" class="level2">
<h2>Chặng 007</h2>
<p>Dấu mốc 7 giúp người đọc theo dõi tuyến đường.</p>
</section>
<section id="chặng-008" class="level2">
<h2>Chặng 008</h2>
<p>Dấu mốc 8 giúp người đọc theo dõi tuyến đường.</p>
</section>
<section id="chặng-009" class="level2">
<h2>Chặng 009</h2>
<p>Dấu mốc 9 giúp người đọc theo dõi tuyến đường.</p>
</section>
<section id="chặng-010" class="level2">
<h2>Chặng 010</h2>
<p>Dấu mốc 10 giúp người đọc theo dõi tuyến đường.</p>
</section>
<section id="chặng-011" class="level2">
<h2>Chặng 011</h2>
<p>Dấu mốc 11 giúp người đọc theo dõi tuyến đường.</p>
</section>
<section id="chặng-012" class="level2">
<h2>Chặng 012</h2>
<p>Dấu mốc 12 giúp người đọc theo dõi tuyến đường.</p>
</section>
<section id="chặng-013" class="level2">
<h2>Chặng 013</h2>
<p>Dấu mốc 13 giúp người đọc theo dõi tuyến đường.</p>
</section>
<section id="chặng-014" class="level2">
<h2>Chặng 014</h2>
<p>Dấu mốc 14 giúp người đọc theo dõi tuyến đường.</p>
</section>
<section id="chặng-015" class="level2">
<h2>Chặng 015</h2>
<p>Dấu mốc 15 giúp người đọc theo dõi tuyến đường.</p>
</section>
<section id="chặng-016" class="level2">
<h2>Chặng 016</h2>
<p>Dấu mốc 16 giúp người đọc theo dõi tuyến đường.</p>
</section>
<section id="chặng-017" class="level2">
<h2>Chặng 017</h2>
<p>Dấu mốc 17 giúp người đọc theo dõi tuyến đường.</p>
</section>
<section id="chặng-018" class="level2">
<h2>Chặng 018</h2>
<p>Dấu mốc 18 giúp người đọc theo dõi tuyến đường.</p>
</section>
<section id="chặng-019" class="level2">
<h2>Chặng 019</h2>
<p>Dấu mốc 19 giúp người đọc theo dõi tuyến đường.</p>
</section>
<section id="chặng-020" class="level2">
<h2>Chặng 020</h2>
<p>Dấu mốc 20 giúp người đọc theo dõi tuyến đường.</p>
</section>
<section id="chặng-021" class="level2">
<h2>Chặng 021</h2>
<p>Dấu mốc 21 giúp người đọc theo dõi tuyến đường.</p>
</section>
<section id="chặng-022" class="level2">
<h2>Chặng 022</h2>
<p>Dấu mốc 22 giúp người đọc theo dõi tuyến đường.</p>
</section>
<section id="chặng-023" class="level2">
<h2>Chặng 023</h2>
<p>Dấu mốc 23 giúp người đọc theo dõi tuyến đường.</p>
</section>
<section id="chặng-024" class="level2">
<h2>Chặng 024</h2>
<p>Dấu mốc 24 giúp người đọc theo dõi tuyến đường.</p>
</section>
<section id="chặng-025" class="level2">
<h2>Chặng 025</h2>
<p>Dấu mốc 25 giúp người đọc theo dõi tuyến đường.</p>
</section>
<section id="chặng-026" class="level2">
<h2>Chặng 026</h2>
<p>Dấu mốc 26 giúp người đọc theo dõi tuyến đường.</p>
</section>
<section id="chặng-027" class="level2">
<h2>Chặng 027</h2>
<p>Dấu mốc 27 giúp người đọc theo dõi tuyến đường.</p>
</section>
<section id="chặng-028" class="level2">
<h2>Chặng 028</h2>
<p>Dấu mốc 28 giúp người đọc theo dõi tuyến đường.</p>
</section>
<section id="chặng-029" class="level2">
<h2>Chặng 029</h2>
<p>Dấu mốc 29 giúp người đọc theo dõi tuyến đường.</p>
</section>
<section id="chặng-030" class="level2">
<h2>Chặng 030</h2>
<p>Dấu mốc 30 giúp người đọc theo dõi tuyến đường.</p>
</section>
<section id="chặng-031" class="level2">
<h2>Chặng 031</h2>
<p>Dấu mốc 31 giúp người đọc theo dõi tuyến đường.</p>
</section>
<section id="chặng-032" class="level2">
<h2>Chặng 032</h2>
<p>Dấu mốc 32 giúp người đọc theo dõi tuyến đường.</p>
</section>
<section id="chặng-033" class="level2">
<h2>Chặng 033</h2>
<p>Dấu mốc 33 giúp người đọc theo dõi tuyến đường.</p>
</section>
<section id="chặng-034" class="level2">
<h2>Chặng 034</h2>
<p>Dấu mốc 34 giúp người đọc theo dõi tuyến đường.</p>
</section>
<section id="chặng-035" class="level2">
<h2>Chặng 035</h2>
<p>Dấu mốc 35 giúp người đọc theo dõi tuyến đường.</p>
</section>
<section id="chặng-036" class="level2">
<h2>Chặng 036</h2>
<p>Dấu mốc 36 giúp người đọc theo dõi tuyến đường.</p>
</section>
<section id="chặng-037" class="level2">
<h2>Chặng 037</h2>
<p>Dấu mốc 37 giúp người đọc theo dõi tuyến đường.</p>
</section>
<section id="chặng-038" class="level2">
<h2>Chặng 038</h2>
<p>Dấu mốc 38 giúp người đọc theo dõi tuyến đường.</p>
</section>
<section id="chặng-039" class="level2">
<h2>Chặng 039</h2>
<p>Dấu mốc 39 giúp người đọc theo dõi tuyến đường.</p>
</section>
<section id="chặng-040" class="level2">
<h2>Chặng 040</h2>
<p>Dấu mốc 40 giúp người đọc theo dõi tuyến đường.</p>
</section>
<section id="chặng-041" class="level2">
<h2>Chặng 041</h2>
<p>Dấu mốc 41 giúp người đọc theo dõi tuyến đường.</p>
</section>
<section id="chặng-042" class="level2">
<h2>Chặng 042</h2>
<p>Dấu mốc 42 giúp người đọc theo dõi tuyến đường.</p>
</section>
<section id="chặng-043" class="level2">
<h2>Chặng 043</h2>
<p>Dấu mốc 43 giúp người đọc theo dõi tuyến đường.</p>
</section>
<section id="chặng-044" class="level2">
<h2>Chặng 044</h2>
<p>Dấu mốc 44 giúp người đọc theo dõi tuyến đường.</p>
</section>
<section id="chặng-045" class="level2">
<h2>Chặng 045</h2>
<p>Dấu mốc 45 giúp người đọc theo dõi tuyến đường.</p>
</section>
<section id="chặng-046" class="level2">
<h2>Chặng 046</h2>
<p>Dấu mốc 46 giúp người đọc theo dõi tuyến đường.</p>
</section>
<section id="chặng-047" class="level2">
<h2>Chặng 047</h2>
<p>Dấu mốc 47 giúp người đọc theo dõi tuyến đường.</p>
</section>
<section id="chặng-048" class="level2">
<h2>Chặng 048</h2>
<p>Dấu mốc 48 giúp người đọc theo dõi tuyến đường.</p>
</section>
<section id="chặng-049" class="level2">
<h2>Chặng 049</h2>
<p>Dấu mốc 49 giúp người đọc theo dõi tuyến đường.</p>
</section>
<section id="chặng-050" class="level2">
<h2>Chặng 050</h2>
<p>Dấu mốc 50 giúp người đọc theo dõi tuyến đường.</p>
</section>
<section id="chặng-051" class="level2">
<h2>Chặng 051</h2>
<p>Dấu mốc 51 giúp người đọc theo dõi tuyến đường.</p>
</section>
<section id="chặng-052" class="level2">
<h2>Chặng 052</h2>
<p>Dấu mốc 52 giúp người đọc theo dõi tuyến đường.</p>
</section>
<section id="chặng-053" class="level2">
<h2>Chặng 053</h2>
<p>Dấu mốc 53 giúp người đọc theo dõi tuyến đường.</p>
</section>
<section id="chặng-054" class="level2">
<h2>Chặng 054</h2>
<p>Dấu mốc 54 giúp người đọc theo dõi tuyến đường.</p>
</section>
<section id="chặng-055" class="level2">
<h2>Chặng 055</h2>
<p>Dấu mốc 55 giúp người đọc theo dõi tuyến đường.</p>
</section>
<section id="chặng-056" class="level2">
<h2>Chặng 056</h2>
<p>Dấu mốc 56 giúp người đọc theo dõi tuyến đường.</p>
</section>
<section id="chặng-057" class="level2">
<h2>Chặng 057</h2>
<p>Dấu mốc 57 giúp người đọc theo dõi tuyến đường.</p>
</section>
<section id="chặng-058" class="level2">
<h2>Chặng 058</h2>
<p>Dấu mốc 58 giúp người đọc theo dõi tuyến đường.</p>
</section>
<section id="chặng-059" class="level2">
<h2>Chặng 059</h2>
<p>Dấu mốc 59 giúp người đọc theo dõi tuyến đường.</p>
</section>
<section id="chặng-060" class="level2">
<h2>Chặng 060</h2>
<p>Dấu mốc 60 giúp người đọc theo dõi tuyến đường.</p>
</section>
<section id="chặng-061" class="level2">
<h2>Chặng 061</h2>
<p>Dấu mốc 61 giúp người đọc theo dõi tuyến đường.</p>
</section>
<section id="chặng-062" class="level2">
<h2>Chặng 062</h2>
<p>Dấu mốc 62 giúp người đọc theo dõi tuyến đường.</p>
</section>
<section id="chặng-063" class="level2">
<h2>Chặng 063</h2>
<p>Dấu mốc 63 giúp người đọc theo dõi tuyến đường.</p>
</section>
<section id="chặng-064" class="level2">
<h2>Chặng 064</h2>
<p>Dấu mốc 64 giúp người đọc theo dõi tuyến đường.</p>
</section>
<section id="chặng-065" class="level2">
<h2>Chặng 065</h2>
<p>Dấu mốc 65 giúp người đọc theo dõi tuyến đường.</p>
</section>
<section id="chặng-066" class="level2">
<h2>Chặng 066</h2>
<p>Dấu mốc 66 giúp người đọc theo dõi tuyến đường.</p>
</section>
<section id="chặng-067" class="level2">
<h2>Chặng 067</h2>
<p>Dấu mốc 67 giúp người đọc theo dõi tuyến đường.</p>
</section>
<section id="chặng-068" class="level2">
<h2>Chặng 068</h2>
<p>Dấu mốc 68 giúp người đọc theo dõi tuyến đường.</p>
</section>
<section id="chặng-069" class="level2">
<h2>Chặng 069</h2>
<p>Dấu mốc 69 giúp người đọc theo dõi tuyến đường.</p>
</section>
<section id="chặng-070" class="level2">
<h2>Chặng 070</h2>
<p>Dấu mốc 70 giúp người đọc theo dõi tuyến đường.</p>
</section>
<section id="chặng-071" class="level2">
<h2>Chặng 071</h2>
<p>Dấu mốc 71 giúp người đọc theo dõi tuyến đường.</p>
</section>
<section id="chặng-072" class="level2">
<h2>Chặng 072</h2>
<p>Dấu mốc 72 giúp người đọc theo dõi tuyến đường.</p>
</section>
<section id="chặng-073" class="level2">
<h2>Chặng 073</h2>
<p>Dấu mốc 73 giúp người đọc theo dõi tuyến đường.</p>
</section>
<section id="chặng-074" class="level2">
<h2>Chặng 074</h2>
<p>Dấu mốc 74 giúp người đọc theo dõi tuyến đường.</p>
</section>
<section id="chặng-075" class="level2">
<h2>Chặng 075</h2>
<p>Dấu mốc 75 giúp người đọc theo dõi tuyến đường.</p>
</section>
<section id="chặng-076" class="level2">
<h2>Chặng 076</h2>
<p>Dấu mốc 76 giúp người đọc theo dõi tuyến đường.</p>
</section>
<section id="chặng-077" class="level2">
<h2>Chặng 077</h2>
<p>Dấu mốc 77 giúp người đọc theo dõi tuyến đường.</p>
</section>
<section id="chặng-078" class="level2">
<h2>Chặng 078</h2>
<p>Dấu mốc 78 giúp người đọc theo dõi tuyến đường.</p>
</section>
<section id="chặng-079" class="level2">
<h2>Chặng 079</h2>
<p>Dấu mốc 79 giúp người đọc theo dõi tuyến đường.</p>
</section>
<section id="chặng-080" class="level2">
<h2>Chặng 080</h2>
<p>Dấu mốc 80 giúp người đọc theo dõi tuyến đường.</p>
</section>
<section id="chặng-081" class="level2">
<h2>Chặng 081</h2>
<p>Dấu mốc 81 giúp người đọc theo dõi tuyến đường.</p>
</section>
<section id="chặng-082" class="level2">
<h2>Chặng 082</h2>
<p>Dấu mốc 82 giúp người đọc theo dõi tuyến đường.</p>
</section>
<section id="chặng-083" class="level2">
<h2>Chặng 083</h2>
<p>Dấu mốc 83 giúp người đọc theo dõi tuyến đường.</p>
</section>
<section id="chặng-084" class="level2">
<h2>Chặng 084</h2>
<p>Dấu mốc 84 giúp người đọc theo dõi tuyến đường.</p>
</section>
<section id="chặng-085" class="level2">
<h2>Chặng 085</h2>
<p>Dấu mốc 85 giúp người đọc theo dõi tuyến đường.</p>
</section>
<section id="chặng-086" class="level2">
<h2>Chặng 086</h2>
<p>Dấu mốc 86 giúp người đọc theo dõi tuyến đường.</p>
</section>
<section id="chặng-087" class="level2">
<h2>Chặng 087</h2>
<p>Dấu mốc 87 giúp người đọc theo dõi tuyến đường.</p>
</section>
<section id="chặng-088" class="level2">
<h2>Chặng 088</h2>
<p>Dấu mốc 88 giúp người đọc theo dõi tuyến đường.</p>
</section>
<section id="chặng-089" class="level2">
<h2>Chặng 089</h2>
<p>Dấu mốc 89 giúp người đọc theo dõi tuyến đường.</p>
</section>
<section id="chặng-090" class="level2">
<h2>Chặng 090</h2>
<p>Dấu mốc 90 giúp người đọc theo dõi tuyến đường.</p>
</section>
<section id="chặng-091" class="level2">
<h2>Chặng 091</h2>
<p>Dấu mốc 91 giúp người đọc theo dõi tuyến đường.</p>
</section>
<section id="chặng-092" class="level2">
<h2>Chặng 092</h2>
<p>Dấu mốc 92 giúp người đọc theo dõi tuyến đường.</p>
</section>
<section id="chặng-093" class="level2">
<h2>Chặng 093</h2>
<p>Dấu mốc 93 giúp người đọc theo dõi tuyến đường.</p>
</section>
<section id="chặng-094" class="level2">
<h2>Chặng 094</h2>
<p>Dấu mốc 94 giúp người đọc theo dõi tuyến đường.</p>
</section>
<section id="chặng-095" class="level2">
<h2>Chặng 095</h2>
<p>Dấu mốc 95 giúp người đọc theo dõi tuyến đường.</p>
</section>
<section id="chặng-096" class="level2">
<h2>Chặng 096</h2>
<p>Dấu mốc 96 giúp người đọc theo dõi tuyến đường.</p>
</section>
<section id="chặng-097" class="level2">
<h2>Chặng 097</h2>
<p>Dấu mốc 97 giúp người đọc theo dõi tuyến đường.</p>
</section>
<section id="chặng-098" class="level2">
<h2>Chặng 098</h2>
<p>Dấu mốc 98 giúp người đọc theo dõi tuyến đường.</p>
</section>
<section id="chặng-099" class="level2">
<h2>Chặng 099</h2>
<p>Dấu mốc 99 giúp người đọc theo dõi tuyến đường.</p>
</section>
<section id="chặng-100" class="level2">
<h2>Chặng 100</h2>
<p>Dấu mốc 100 giúp người đọc theo dõi tuyến đường.</p>
</section>
<section id="chặng-101" class="level2">
<h2>Chặng 101</h2>
<p>Dấu mốc 101 giúp người đọc theo dõi tuyến đường.</p>
</section>
<section id="chặng-102" class="level2">
<h2>Chặng 102</h2>
<p>Dấu mốc 102 giúp người đọc theo dõi tuyến đường.</p>
</section>
<section id="chặng-103" class="level2">
<h2>Chặng 103</h2>
<p>Dấu mốc 103 giúp người đọc theo dõi tuyến đường.</p>
</section>
<section id="chặng-104" class="level2">
<h2>Chặng 104</h2>
<p>Dấu mốc 104 giúp người đọc theo dõi tuyến đường.</p>
</section>
<section id="chặng-105" class="level2">
<h2>Chặng 105</h2>
<p>Dấu mốc 105 giúp người đọc theo dõi tuyến đường.</p>
</section>
<section id="chặng-106" class="level2">
<h2>Chặng 106</h2>
<p>Dấu mốc 106 giúp người đọc theo dõi tuyến đường.</p>
</section>
<section id="chặng-107" class="level2">
<h2>Chặng 107</h2>
<p>Dấu mốc 107 giúp người đọc theo dõi tuyến đường.</p>
</section>
<section id="chặng-108" class="level2">
<h2>Chặng 108</h2>
<p>Dấu mốc 108 giúp người đọc theo dõi tuyến đường.</p>
</section>
<section id="chặng-109" class="level2">
<h2>Chặng 109</h2>
<p>Dấu mốc 109 giúp người đọc theo dõi tuyến đường.</p>
</section>
<section id="chặng-110" class="level2">
<h2>Chặng 110</h2>
<p>Dấu mốc 110 giúp người đọc theo dõi tuyến đường.</p>
</section>
<section id="chặng-111" class="level2">
<h2>Chặng 111</h2>
<p>Dấu mốc 111 giúp người đọc theo dõi tuyến đường.</p>
</section>
<section id="chặng-112" class="level2">
<h2>Chặng 112</h2>
<p>Dấu mốc 112 giúp người đọc theo dõi tuyến đường.</p>
</section>
<section id="chặng-113" class="level2">
<h2>Chặng 113</h2>
<p>Dấu mốc 113 giúp người đọc theo dõi tuyến đường.</p>
</section>
<section id="chặng-114" class="level2">
<h2>Chặng 114</h2>
<p>Dấu mốc 114 giúp người đọc theo dõi tuyến đường.</p>
</section>
<section id="chặng-115" class="level2">
<h2>Chặng 115</h2>
<p>Dấu mốc 115 giúp người đọc theo dõi tuyến đường.</p>
</section>
<section id="chặng-116" class="level2">
<h2>Chặng 116</h2>
<p>Dấu mốc 116 giúp người đọc theo dõi tuyến đường.</p>
</section>
<section id="chặng-117" class="level2">
<h2>Chặng 117</h2>
<p>Dấu mốc 117 giúp người đọc theo dõi tuyến đường.</p>
</section>
<section id="chặng-118" class="level2">
<h2>Chặng 118</h2>
<p>Dấu mốc 118 giúp người đọc theo dõi tuyến đường.</p>
</section>
<section id="chặng-119" class="level2">
<h2>Chặng 119</h2>
<p>Dấu mốc 119 giúp người đọc theo dõi tuyến đường.</p>
</section>
<section id="chặng-120" class="level2">
<h2>Chặng 120</h2>
<p>Dấu mốc 120 giúp người đọc theo dõi tuyến đường.</p>
</section>
<section id="chặng-121" class="level2">
<h2>Chặng 121</h2>
<p>Dấu mốc 121 giúp người đọc theo dõi tuyến đường.</p>
</section>
<section id="chặng-122" class="level2">
<h2>Chặng 122</h2>
<p>Dấu mốc 122 giúp người đọc theo dõi tuyến đường.</p>
</section>
<section id="chặng-123" class="level2">
<h2>Chặng 123</h2>
<p>Dấu mốc 123 giúp người đọc theo dõi tuyến đường.</p>
</section>
<section id="chặng-124" class="level2">
<h2>Chặng 124</h2>
<p>Dấu mốc 124 giúp người đọc theo dõi tuyến đường.</p>
</section>
<section id="chặng-125" class="level2">
<h2>Chặng 125</h2>
<p>Dấu mốc 125 giúp người đọc theo dõi tuyến đường.</p>
</section>
<section id="chặng-126" class="level2">
<h2>Chặng 126</h2>
<p>Dấu mốc 126 giúp người đọc theo dõi tuyến đường.</p>
</section>
<section id="chặng-127" class="level2">
<h2>Chặng 127</h2>
<p>Dấu mốc 127 giúp người đọc theo dõi tuyến đường.</p>
</section>
<section id="chặng-128" class="level2">
<h2>Chặng 128</h2>
<p>Dấu mốc 128 giúp người đọc theo dõi tuyến đường.</p>
</section>
<section id="chặng-129" class="level2">
<h2>Chặng 129</h2>
<p>Dấu mốc 129 giúp người đọc theo dõi tuyến đường.</p>
</section>
<section id="chặng-130" class="level2">
<h2>Chặng 130</h2>
<p>Dấu mốc 130 giúp người đọc theo dõi tuyến đường.</p>
</section>
<section id="chặng-131" class="level2">
<h2>Chặng 131</h2>
<p>Dấu mốc 131 giúp người đọc theo dõi tuyến đường.</p>
</section>
<section id="chặng-132" class="level2">
<h2>Chặng 132</h2>
<p>Dấu mốc 132 giúp người đọc theo dõi tuyến đường.</p>
</section>
<section id="chặng-133" class="level2">
<h2>Chặng 133</h2>
<p>Dấu mốc 133 giúp người đọc theo dõi tuyến đường.</p>
</section>
<section id="chặng-134" class="level2">
<h2>Chặng 134</h2>
<p>Dấu mốc 134 giúp người đọc theo dõi tuyến đường.</p>
</section>
<section id="chặng-135" class="level2">
<h2>Chặng 135</h2>
<p>Dấu mốc 135 giúp người đọc theo dõi tuyến đường.</p>
</section>
<section id="chặng-136" class="level2">
<h2>Chặng 136</h2>
<p>Dấu mốc 136 giúp người đọc theo dõi tuyến đường.</p>
</section>
<section id="chặng-137" class="level2">
<h2>Chặng 137</h2>
<p>Dấu mốc 137 giúp người đọc theo dõi tuyến đường.</p>
</section>
<section id="chặng-138" class="level2">
<h2>Chặng 138</h2>
<p>Dấu mốc 138 giúp người đọc theo dõi tuyến đường.</p>
</section>
<section id="chặng-139" class="level2">
<h2>Chặng 139</h2>
<p>Dấu mốc 139 giúp người đọc theo dõi tuyến đường.</p>
</section>
<section id="chặng-140" class="level2">
<h2>Chặng 140</h2>
<p>Dấu mốc 140 giúp người đọc theo dõi tuyến đường.</p>
</section>
<section id="chặng-141" class="level2">
<h2>Chặng 141</h2>
<p>Dấu mốc 141 giúp người đọc theo dõi tuyến đường.</p>
</section>
<section id="chặng-142" class="level2">
<h2>Chặng 142</h2>
<p>Dấu mốc 142 giúp người đọc theo dõi tuyến đường.</p>
</section>
<section id="chặng-143" class="level2">
<h2>Chặng 143</h2>
<p>Dấu mốc 143 giúp người đọc theo dõi tuyến đường.</p>
</section>
<section id="chặng-144" class="level2">
<h2>Chặng 144</h2>
<p>Dấu mốc 144 giúp người đọc theo dõi tuyến đường.</p>
</section>
<section id="chặng-145" class="level2">
<h2>Chặng 145</h2>
<p>Dấu mốc 145 giúp người đọc theo dõi tuyến đường.</p>
</section>
<section id="chặng-146" class="level2">
<h2>Chặng 146</h2>
<p>Dấu mốc 146 giúp người đọc theo dõi tuyến đường.</p>
</section>
<section id="chặng-147" class="level2">
<h2>Chặng 147</h2>
<p>Dấu mốc 147 giúp người đọc theo dõi tuyến đường.</p>
</section>
<section id="chặng-148" class="level2">
<h2>Chặng 148</h2>
<p>Dấu mốc 148 giúp người đọc theo dõi tuyến đường.</p>
</section>
<section id="chặng-149" class="level2">
<h2>Chặng 149</h2>
<p>Dấu mốc 149 giúp người đọc theo dõi tuyến đường.</p>
</section>
<section id="chặng-150" class="level2">
<h2>Chặng 150</h2>
<p>Dấu mốc 150 giúp người đọc theo dõi tuyến đường.</p>
</section>
<section id="chặng-151" class="level2">
<h2>Chặng 151</h2>
<p>Dấu mốc 151 giúp người đọc theo dõi tuyến đường.</p>
</section>
<section id="chặng-152" class="level2">
<h2>Chặng 152</h2>
<p>Dấu mốc 152 giúp người đọc theo dõi tuyến đường.</p>
</section>
<section id="chặng-153" class="level2">
<h2>Chặng 153</h2>
<p>Dấu mốc 153 giúp người đọc theo dõi tuyến đường.</p>
</section>
<section id="chặng-154" class="level2">
<h2>Chặng 154</h2>
<p>Dấu mốc 154 giúp người đọc theo dõi tuyến đường.</p>
</section>
<section id="chặng-155" class="level2">
<h2>Chặng 155</h2>
<p>Dấu mốc 155 giúp người đọc theo dõi tuyến đường.</p>
</section>
<section id="chặng-156" class="level2">
<h2>Chặng 156</h2>
<p>Dấu mốc 156 giúp người đọc theo dõi tuyến đường.</p>
</section>
<section id="chặng-157" class="level2">
<h2>Chặng 157</h2>
<p>Dấu mốc 157 giúp người đọc theo dõi tuyến đường.</p>
</section>
<section id="chặng-158" class="level2">
<h2>Chặng 158</h2>
<p>Dấu mốc 158 giúp người đọc theo dõi tuyến đường.</p>
</section>
<section id="chặng-159" class="level2">
<h2>Chặng 159</h2>
<p>Dấu mốc 159 giúp người đọc theo dõi tuyến đường.</p>
</section>
<section id="chặng-160" class="level2">
<h2>Chặng 160</h2>
<p>Dấu mốc 160 giúp người đọc theo dõi tuyến đường.</p>
</section>
<section id="chặng-161" class="level2">
<h2>Chặng 161</h2>
<p>Dấu mốc 161 giúp người đọc theo dõi tuyến đường.</p>
</section>
<section id="chặng-162" class="level2">
<h2>Chặng 162</h2>
<p>Dấu mốc 162 giúp người đọc theo dõi tuyến đường.</p>
</section>
<section id="chặng-163" class="level2">
<h2>Chặng 163</h2>
<p>Dấu mốc 163 giúp người đọc theo dõi tuyến đường.</p>
</section>
<section id="chặng-164" class="level2">
<h2>Chặng 164</h2>
<p>Dấu mốc 164 giúp người đọc theo dõi tuyến đường.</p>
</section>
<section id="chặng-165" class="level2">
<h2>Chặng 165</h2>
<p>Dấu mốc 165 giúp người đọc theo dõi tuyến đường.</p>
</section>
<section id="chặng-166" class="level2">
<h2>Chặng 166</h2>
<p>Dấu mốc 166 giúp người đọc theo dõi tuyến đường.</p>
</section>
<section id="chặng-167" class="level2">
<h2>Chặng 167</h2>
<p>Dấu mốc 167 giúp người đọc theo dõi tuyến đường.</p>
</section>
<section id="chặng-168" class="level2">
<h2>Chặng 168</h2>
<p>Dấu mốc 168 giúp người đọc theo dõi tuyến đường.</p>
</section>
<section id="chặng-169" class="level2">
<h2>Chặng 169</h2>
<p>Dấu mốc 169 giúp người đọc theo dõi tuyến đường.</p>
</section>
<section id="chặng-170" class="level2">
<h2>Chặng 170</h2>
<p>Dấu mốc 170 giúp người đọc theo dõi tuyến đường.</p>
</section>
<section id="chặng-171" class="level2">
<h2>Chặng 171</h2>
<p>Dấu mốc 171 giúp người đọc theo dõi tuyến đường.</p>
</section>
<section id="chặng-172" class="level2">
<h2>Chặng 172</h2>
<p>Dấu mốc 172 giúp người đọc theo dõi tuyến đường.</p>
</section>
<section id="chặng-173" class="level2">
<h2>Chặng 173</h2>
<p>Dấu mốc 173 giúp người đọc theo dõi tuyến đường.</p>
</section>
<section id="chặng-174" class="level2">
<h2>Chặng 174</h2>
<p>Dấu mốc 174 giúp người đọc theo dõi tuyến đường.</p>
</section>
<section id="chặng-175" class="level2">
<h2>Chặng 175</h2>
<p>Dấu mốc 175 giúp người đọc theo dõi tuyến đường.</p>
</section>
<section id="chặng-176" class="level2">
<h2>Chặng 176</h2>
<p>Dấu mốc 176 giúp người đọc theo dõi tuyến đường.</p>
</section>
<section id="chặng-177" class="level2">
<h2>Chặng 177</h2>
<p>Dấu mốc 177 giúp người đọc theo dõi tuyến đường.</p>
</section>
<section id="chặng-178" class="level2">
<h2>Chặng 178</h2>
<p>Dấu mốc 178 giúp người đọc theo dõi tuyến đường.</p>
</section>
<section id="chặng-179" class="level2">
<h2>Chặng 179</h2>
<p>Dấu mốc 179 giúp người đọc theo dõi tuyến đường.</p>
</section>
<section id="chặng-180" class="level2">
<h2>Chặng 180</h2>
<p>Dấu mốc 180 giúp người đọc theo dõi tuyến đường.</p>
</section>
<section id="chặng-181" class="level2">
<h2>Chặng 181</h2>
<p>Dấu mốc 181 giúp người đọc theo dõi tuyến đường.</p>
</section>
<section id="chặng-182" class="level2">
<h2>Chặng 182</h2>
<p>Dấu mốc 182 giúp người đọc theo dõi tuyến đường.</p>
</section>
<section id="chặng-183" class="level2">
<h2>Chặng 183</h2>
<p>Dấu mốc 183 giúp người đọc theo dõi tuyến đường.</p>
</section>
<section id="chặng-184" class="level2">
<h2>Chặng 184</h2>
<p>Dấu mốc 184 giúp người đọc theo dõi tuyến đường.</p>
</section>
<section id="chặng-185" class="level2">
<h2>Chặng 185</h2>
<p>Dấu mốc 185 giúp người đọc theo dõi tuyến đường.</p>
</section>
<section id="chặng-186" class="level2">
<h2>Chặng 186</h2>
<p>Dấu mốc 186 giúp người đọc theo dõi tuyến đường.</p>
</section>
<section id="chặng-187" class="level2">
<h2>Chặng 187</h2>
<p>Dấu mốc 187 giúp người đọc theo dõi tuyến đường.</p>
</section>
<section id="chặng-188" class="level2">
<h2>Chặng 188</h2>
<p>Dấu mốc 188 giúp người đọc theo dõi tuyến đường.</p>
</section>
<section id="chặng-189" class="level2">
<h2>Chặng 189</h2>
<p>Dấu mốc 189 giúp người đọc theo dõi tuyến đường.</p>
</section>
<section id="chặng-190" class="level2">
<h2>Chặng 190</h2>
<p>Dấu mốc 190 giúp người đọc theo dõi tuyến đường.</p>
</section>
<section id="chặng-191" class="level2">
<h2>Chặng 191</h2>
<p>Dấu mốc 191 giúp người đọc theo dõi tuyến đường.</p>
</section>
<section id="chặng-192" class="level2">
<h2>Chặng 192</h2>
<p>Dấu mốc 192 giúp người đọc theo dõi tuyến đường.</p>
</section>
<section id="chặng-193" class="level2">
<h2>Chặng 193</h2>
<p>Dấu mốc 193 giúp người đọc theo dõi tuyến đường.</p>
</section>
<section id="chặng-194" class="level2">
<h2>Chặng 194</h2>
<p>Dấu mốc 194 giúp người đọc theo dõi tuyến đường.</p>
</section>
<section id="chặng-195" class="level2">
<h2>Chặng 195</h2>
<p>Dấu mốc 195 giúp người đọc theo dõi tuyến đường.</p>
</section>
<section id="chặng-196" class="level2">
<h2>Chặng 196</h2>
<p>Dấu mốc 196 giúp người đọc theo dõi tuyến đường.</p>
</section>
<section id="chặng-197" class="level2">
<h2>Chặng 197</h2>
<p>Dấu mốc 197 giúp người đọc theo dõi tuyến đường.</p>
</section>
<section id="chặng-198" class="level2">
<h2>Chặng 198</h2>
<p>Dấu mốc 198 giúp người đọc theo dõi tuyến đường.</p>
</section>
<section id="chặng-199" class="level2">
<h2>Chặng 199</h2>
<p>Dấu mốc 199 giúp người đọc theo dõi tuyến đường.</p>
</section>
<section id="chặng-200" class="level2">
<h2>Chặng 200</h2>
<p>Dấu mốc 200 giúp người đọc theo dõi tuyến đường.</p>
</section>
<section id="chặng-201" class="level2">
<h2>Chặng 201</h2>
<p>Dấu mốc 201 giúp người đọc theo dõi tuyến đường.</p>
</section>
<section id="chặng-202" class="level2">
<h2>Chặng 202</h2>
<p>Dấu mốc 202 giúp người đọc theo dõi tuyến đường.</p>
</section>
<section id="chặng-203" class="level2">
<h2>Chặng 203</h2>
<p>Dấu mốc 203 giúp người đọc theo dõi tuyến đường.</p>
</section>
<section id="chặng-204" class="level2">
<h2>Chặng 204</h2>
<p>Dấu mốc 204 giúp người đọc theo dõi tuyến đường.</p>
</section>
<section id="chặng-205" class="level2">
<h2>Chặng 205</h2>
<p>Dấu mốc 205 giúp người đọc theo dõi tuyến đường.</p>
</section>
<section id="chặng-206" class="level2">
<h2>Chặng 206</h2>
<p>Dấu mốc 206 giúp người đọc theo dõi tuyến đường.</p>
</section>
<section id="chặng-207" class="level2">
<h2>Chặng 207</h2>
<p>Dấu mốc 207 giúp người đọc theo dõi tuyến đường.</p>
</section>
<section id="chặng-208" class="level2">
<h2>Chặng 208</h2>
<p>Dấu mốc 208 giúp người đọc theo dõi tuyến đường.</p>
</section>
<section id="chặng-209" class="level2">
<h2>Chặng 209</h2>
<p>Dấu mốc 209 giúp người đọc theo dõi tuyến đường.</p>
</section>
<section id="chặng-210" class="level2">
<h2>Chặng 210</h2>
<p>Dấu mốc 210 giúp người đọc theo dõi tuyến đường.</p>
</section>
<section id="chặng-211" class="level2">
<h2>Chặng 211</h2>
<p>Dấu mốc 211 giúp người đọc theo dõi tuyến đường.</p>
</section>
<section id="chặng-212" class="level2">
<h2>Chặng 212</h2>
<p>Dấu mốc 212 giúp người đọc theo dõi tuyến đường.</p>
</section>
<section id="chặng-213" class="level2">
<h2>Chặng 213</h2>
<p>Dấu mốc 213 giúp người đọc theo dõi tuyến đường.</p>
</section>
<section id="chặng-214" class="level2">
<h2>Chặng 214</h2>
<p>Dấu mốc 214 giúp người đọc theo dõi tuyến đường.</p>
</section>
<section id="chặng-215" class="level2">
<h2>Chặng 215</h2>
<p>Dấu mốc 215 giúp người đọc theo dõi tuyến đường.</p>
</section>
<section id="chặng-216" class="level2">
<h2>Chặng 216</h2>
<p>Dấu mốc 216 giúp người đọc theo dõi tuyến đường.</p>
</section>
<section id="chặng-217" class="level2">
<h2>Chặng 217</h2>
<p>Dấu mốc 217 giúp người đọc theo dõi tuyến đường.</p>
</section>
<section id="chặng-218" class="level2">
<h2>Chặng 218</h2>
<p>Dấu mốc 218 giúp người đọc theo dõi tuyến đường.</p>
</section>
<section id="chặng-219" class="level2">
<h2>Chặng 219</h2>
<p>Dấu mốc 219 giúp người đọc theo dõi tuyến đường.</p>
</section>
<section id="chặng-220" class="level2">
<h2>Chặng 220</h2>
<p>Dấu mốc 220 giúp người đọc theo dõi tuyến đường.</p>
</section>
<section id="chặng-221" class="level2">
<h2>Chặng 221</h2>
<p>Dấu mốc 221 giúp người đọc theo dõi tuyến đường.</p>
</section>
<section id="chặng-222" class="level2">
<h2>Chặng 222</h2>
<p>Dấu mốc 222 giúp người đọc theo dõi tuyến đường.</p>
</section>
<section id="chặng-223" class="level2">
<h2>Chặng 223</h2>
<p>Dấu mốc 223 giúp người đọc theo dõi tuyến đường.</p>
</section>
<section id="chặng-224" class="level2">
<h2>Chặng 224</h2>
<p>Dấu mốc 224 giúp người đọc theo dõi tuyến đường.</p>
</section>
</section>
</body>
</html>


--- EPUB/text/title_page.xhtml ---
<?xml version="1.0" encoding="UTF-8"?>
<!DOCTYPE html>
<html xmlns="http://www.w3.org/1999/xhtml" xmlns:epub="http://www.idpf.org/2007/ops" lang="und" xml:lang="und">
<head>
  <meta charset="utf-8" />
  <meta name="generator" content="pandoc" />
  <title>vi-long-headings</title>
  <style>
  </style>
  <link rel="stylesheet" type="text/css" href="../styles/stylesheet1.css" />
</head>
<body epub:type="frontmatter">
<section epub:type="titlepage" class="titlepage">
  <h1 class="title">vi-long-headings</h1>
</section>
</body>
</html>


Template and media SHA-256:
932ab19ee3371838c3dd65eb770a6515e2730fc1c4bdd5a533984f2e355c8b24  EPUB/styles/stylesheet1.css
13d7b2e95d8588777afc29bf3e61f7ac3c49bcd2d3a0d7bbbf31f807a4947d56  EPUB/toc.ncx
364a17d7a4967325d2956f09c0626d564c1884c9dfa02116dc115d6a49538f56  META-INF/com.apple.ibooks.display-options.xml
7c06491ce25e3cc80ccec0eed382c4c5570265f886415e4ce0cbe5866a57c461  META-INF/container.xml
e468e350d1143eb648f60c7b0bd6031101ec0544a361ca74ecef256ac901f48b  mimetype
