---
source: crates/ariad-core/tests/ir_snapshots.rs
input_file: fixtures/md/vi-nfc.md
---
{
  "assets": {},
  "body": [
    {
      "content": [
        {
          "text": "Ánh đèn cuối ngõ",
          "type": "text"
        }
      ],
      "level": 1,
      "type": "heading"
    },
    {
      "content": [
        {
          "text": "Thành phố nhỏ thức dậy trước tiếng chuông xe đạp. Người bán hàng kéo tấm bạt xanh ra khỏi quầy, còn mặt sông giữ lại màu hồng nhạt của bình minh. Từ bến đá, con đường lát gạch men theo hàng me rồi vòng qua cây cầu gỗ.",
          "type": "text"
        }
      ],
      "type": "paragraph"
    },
    {
      "content": [
        {
          "text": "Cộng đồng giữ lại chiếc ghế gỗ để mọi người nghỉ chân.",
          "type": "text"
        }
      ],
      "type": "paragraph"
    }
  ],
  "layout": null,
  "meta": {
    "authors": [],
    "date": null,
    "keywords": [],
    "language": null,
    "source_format": "markdown",
    "subject": null,
    "title": null
  },
  "provenance": null,
  "version": "ariad-ir/0"
}
