---
source: crates/ariad-core/tests/ir_snapshots.rs
---
{
  "assets": {},
  "body": [
    {
      "content": [
        {
          "text": "Các điểm dừng ven sông",
          "type": "text"
        }
      ],
      "level": 1,
      "type": "heading"
    },
    {
      "content": [
        {
          "text": "Thành phố nhỏ thức dậy trước tiếng chuông xe đạp. Người bán hàng kéo tấm bạt xanh ra khỏi quầy, còn mặt sông giữ lại màu hồng nhạt của bình minh. Từ bến đá, con đường lát gạch men theo hàng me rồi vòng qua cây cầu gỗ.",
          "type": "text"
        }
      ],
      "type": "paragraph"
    },
    {
      "body": [
        [
          {
            "blocks": [
              {
                "content": [
                  {
                    "text": "Bến sông",
                    "type": "text"
                  }
                ],
                "type": "paragraph"
              }
            ],
            "colspan": 1,
            "rowspan": 1
          },
          {
            "blocks": [
              {
                "content": [
                  {
                    "text": "8",
                    "type": "text"
                  }
                ],
                "type": "paragraph"
              }
            ],
            "colspan": 1,
            "rowspan": 1
          }
        ],
        [
          {
            "blocks": [
              {
                "content": [
                  {
                    "text": "Vườn đọc",
                    "type": "text"
                  }
                ],
                "type": "paragraph"
              }
            ],
            "colspan": 1,
            "rowspan": 1
          },
          {
            "blocks": [
              {
                "content": [
                  {
                    "text": "14",
                    "type": "text"
                  }
                ],
                "type": "paragraph"
              }
            ],
            "colspan": 1,
            "rowspan": 1
          }
        ]
      ],
      "caption": [
        {
          "text": "Thời gian đi bộ",
          "type": "text"
        }
      ],
      "columns": [
        {
          "align": "default"
        },
        {
          "align": "default"
        }
      ],
      "head": [
        [
          {
            "blocks": [
              {
                "content": [
                  {
                    "text": "Điểm dừng",
                    "type": "text"
                  }
                ],
                "type": "paragraph"
              }
            ],
            "colspan": 1,
            "header": true,
            "rowspan": 1
          },
          {
            "blocks": [
              {
                "content": [
                  {
                    "text": "Phút",
                    "type": "text"
                  }
                ],
                "type": "paragraph"
              }
            ],
            "colspan": 1,
            "header": true,
            "rowspan": 1
          }
        ]
      ],
      "type": "table"
    }
  ],
  "layout": null,
  "meta": {
    "authors": [],
    "date": null,
    "keywords": [],
    "language": "vi",
    "source_format": "html",
    "subject": null,
    "title": "Các điểm dừng ven sông"
  },
  "provenance": null,
  "version": "ariad-ir/0"
}
