---
source: crates/ariad-cli/tests/route_golden.rs
---
---
title: "Các điểm dừng ven sông"
lang: vi
---

# Các điểm dừng ven sông

Thành phố nhỏ thức dậy trước tiếng chuông xe đạp. Người bán hàng kéo tấm bạt xanh ra khỏi quầy, còn mặt sông giữ lại màu hồng nhạt của bình minh. Từ bến đá, con đường lát gạch men theo hàng me rồi vòng qua cây cầu gỗ.

| Điểm dừng | Phút |
| --- | --- |
| Bến sông | 8 |
| Vườn đọc | 14 |
