---
source: crates/ariad-core/tests/ir_snapshots.rs
input_file: fixtures/md/vi-tone-dense-table.md
---
{
  "assets": {},
  "body": [
    {
      "content": [
        {
          "text": "Bảng chữ có nhiều dấu",
          "type": "text"
        }
      ],
      "level": 1,
      "type": "heading"
    },
    {
      "body": [
        [
          {
            "blocks": [
              {
                "content": [
                  {
                    "text": "Phố cổ",
                    "type": "text"
                  }
                ],
                "type": "paragraph"
              }
            ],
            "colspan": 1,
            "rowspan": 1
          },
          {
            "blocks": [
              {
                "content": [
                  {
                    "text": "Quãng ngắn",
                    "type": "text"
                  }
                ],
                "type": "paragraph"
              }
            ],
            "colspan": 1,
            "rowspan": 1
          },
          {
            "blocks": [
              {
                "content": [
                  {
                    "text": "Cần rẽ sớm",
                    "type": "text"
                  }
                ],
                "type": "paragraph"
              }
            ],
            "colspan": 1,
            "rowspan": 1
          }
        ],
        [
          {
            "blocks": [
              {
                "content": [
                  {
                    "text": "Bến chợ",
                    "type": "text"
                  }
                ],
                "type": "paragraph"
              }
            ],
            "colspan": 1,
            "rowspan": 1
          },
          {
            "blocks": [
              {
                "content": [
                  {
                    "text": "Đường rộng",
                    "type": "text"
                  }
                ],
                "type": "paragraph"
              }
            ],
            "colspan": 1,
            "rowspan": 1
          },
          {
            "blocks": [
              {
                "content": [
                  {
                    "text": "Dễ nhận ra",
                    "type": "text"
                  }
                ],
                "type": "paragraph"
              }
            ],
            "colspan": 1,
            "rowspan": 1
          }
        ]
      ],
      "caption": null,
      "columns": [
        {
          "align": "default"
        },
        {
          "align": "default"
        },
        {
          "align": "default"
        }
      ],
      "head": [
        [
          {
            "blocks": [
              {
                "content": [
                  {
                    "text": "Địa điểm",
                    "type": "text"
                  }
                ],
                "type": "paragraph"
              }
            ],
            "colspan": 1,
            "rowspan": 1
          },
          {
            "blocks": [
              {
                "content": [
                  {
                    "text": "Đường vòng",
                    "type": "text"
                  }
                ],
                "type": "paragraph"
              }
            ],
            "colspan": 1,
            "rowspan": 1
          },
          {
            "blocks": [
              {
                "content": [
                  {
                    "text": "Ý kiến",
                    "type": "text"
                  }
                ],
                "type": "paragraph"
              }
            ],
            "colspan": 1,
            "rowspan": 1
          }
        ]
      ],
      "type": "table"
    }
  ],
  "layout": null,
  "meta": {
    "authors": [],
    "date": null,
    "keywords": [],
    "language": null,
    "source_format": "markdown",
    "subject": null,
    "title": null
  },
  "provenance": null,
  "version": "ariad-ir/0"
}
